Component: ARM Compiler 5.06 update 5 (build 528) Tool: armlink [4d35e2]

==============================================================================

Section Cross References

    system_stm32f10x.o(i.SetSysClock) refers to system_stm32f10x.o(i.SetSysClockTo72) for SetSysClockTo72
    system_stm32f10x.o(i.SystemCoreClockUpdate) refers to system_stm32f10x.o(.data) for SystemCoreClock
    system_stm32f10x.o(i.SystemInit) refers to system_stm32f10x.o(i.SetSysClock) for SetSysClock
    main.o(i.main) refers to delay.o(i.Delay_Init) for Delay_Init
    main.o(i.main) refers to misc.o(i.NVIC_PriorityGroupConfig) for NVIC_PriorityGroupConfig
    main.o(i.main) refers to led.o(i.LED_Init) for LED_Init
    main.o(i.main) refers to key.o(i.KEY_Init) for KEY_Init
    main.o(i.main) refers to exti.o(i.EXTIX_Init) for EXTIX_Init
    main.o(i.main) refers to beep.o(i.BEEP_Init) for BEEP_Init
    main.o(i.main) refers to dht11.o(i.DHT11_Init) for DHT11_Init
    main.o(i.main) refers to usart.o(i.Usart1_Init) for Usart1_Init
    main.o(i.main) refers to usart.o(i.Usart2_Init) for Usart2_Init
    main.o(i.main) refers to oled.o(i.OLED_Init) for OLED_Init
    main.o(i.main) refers to timer.o(i.TIM2_Int_Init) for TIM2_Int_Init
    main.o(i.main) refers to timer.o(i.TIM3_Int_Init) for TIM3_Int_Init
    main.o(i.main) refers to esp8266.o(i.ESP8266_Init) for ESP8266_Init
    main.o(i.main) refers to usart.o(i.UsartPrintf) for UsartPrintf
    main.o(i.main) refers to delay.o(i.delay_ms) for delay_ms
    main.o(i.main) refers to onenet.o(i.OneNet_DevLink) for OneNet_DevLink
    main.o(i.main) refers to onenet.o(i.OneNet_Subscribe) for OneNet_Subscribe
    main.o(i.main) refers to dht11.o(i.DHT11_Read_Data) for DHT11_Read_Data
    main.o(i.main) refers to stm32f10x_gpio.o(i.GPIO_ReadInputDataBit) for GPIO_ReadInputDataBit
    main.o(i.main) refers to printfa.o(i.__0sprintf) for __2sprintf
    main.o(i.main) refers to onenet.o(i.OneNet_Publish) for OneNet_Publish
    main.o(i.main) refers to esp8266.o(i.ESP8266_Clear) for ESP8266_Clear
    main.o(i.main) refers to esp8266.o(i.ESP8266_GetIPD) for ESP8266_GetIPD
    main.o(i.main) refers to onenet.o(i.OneNet_RevPro) for OneNet_RevPro
    main.o(i.main) refers to main.o(.data) for devSubTopic
    main.o(i.main) refers to main.o(.bss) for PUB_BUF
    main.o(i.main) refers to main.o(.constdata) for devPubTopic
    main.o(.data) refers to main.o(.conststring) for .conststring
    oled.o(i.OLED_Clear) refers to oled.o(i.OLED_SetCursor) for OLED_SetCursor
    oled.o(i.OLED_Clear) refers to oled.o(i.OLED_WriteData) for OLED_WriteData
    oled.o(i.OLED_I2C_Init) refers to stm32f10x_rcc.o(i.RCC_APB2PeriphClockCmd) for RCC_APB2PeriphClockCmd
    oled.o(i.OLED_I2C_Init) refers to stm32f10x_gpio.o(i.GPIO_Init) for GPIO_Init
    oled.o(i.OLED_I2C_Init) refers to stm32f10x_gpio.o(i.GPIO_WriteBit) for GPIO_WriteBit
    oled.o(i.OLED_I2C_SendByte) refers to stm32f10x_gpio.o(i.GPIO_WriteBit) for GPIO_WriteBit
    oled.o(i.OLED_I2C_Start) refers to stm32f10x_gpio.o(i.GPIO_WriteBit) for GPIO_WriteBit
    oled.o(i.OLED_I2C_Stop) refers to stm32f10x_gpio.o(i.GPIO_WriteBit) for GPIO_WriteBit
    oled.o(i.OLED_Init) refers to oled.o(i.OLED_I2C_Init) for OLED_I2C_Init
    oled.o(i.OLED_Init) refers to oled.o(i.OLED_WriteCommand) for OLED_WriteCommand
    oled.o(i.OLED_Init) refers to oled.o(i.OLED_Clear) for OLED_Clear
    oled.o(i.OLED_SetCursor) refers to oled.o(i.OLED_WriteCommand) for OLED_WriteCommand
    oled.o(i.OLED_ShowBinNum) refers to oled.o(i.OLED_Pow) for OLED_Pow
    oled.o(i.OLED_ShowBinNum) refers to oled.o(i.OLED_ShowChar) for OLED_ShowChar
    oled.o(i.OLED_ShowChar) refers to oled.o(i.OLED_SetCursor) for OLED_SetCursor
    oled.o(i.OLED_ShowChar) refers to oled.o(i.OLED_WriteData) for OLED_WriteData
    oled.o(i.OLED_ShowChar) refers to oled.o(.constdata) for OLED_F8x16
    oled.o(i.OLED_ShowHexNum) refers to oled.o(i.OLED_Pow) for OLED_Pow
    oled.o(i.OLED_ShowHexNum) refers to oled.o(i.OLED_ShowChar) for OLED_ShowChar
    oled.o(i.OLED_ShowNum) refers to oled.o(i.OLED_Pow) for OLED_Pow
    oled.o(i.OLED_ShowNum) refers to oled.o(i.OLED_ShowChar) for OLED_ShowChar
    oled.o(i.OLED_ShowSignedNum) refers to oled.o(i.OLED_ShowChar) for OLED_ShowChar
    oled.o(i.OLED_ShowSignedNum) refers to oled.o(i.OLED_Pow) for OLED_Pow
    oled.o(i.OLED_ShowString) refers to oled.o(i.OLED_ShowChar) for OLED_ShowChar
    oled.o(i.OLED_WriteCommand) refers to oled.o(i.OLED_I2C_Start) for OLED_I2C_Start
    oled.o(i.OLED_WriteCommand) refers to oled.o(i.OLED_I2C_SendByte) for OLED_I2C_SendByte
    oled.o(i.OLED_WriteCommand) refers to oled.o(i.OLED_I2C_Stop) for OLED_I2C_Stop
    oled.o(i.OLED_WriteData) refers to oled.o(i.OLED_I2C_Start) for OLED_I2C_Start
    oled.o(i.OLED_WriteData) refers to oled.o(i.OLED_I2C_SendByte) for OLED_I2C_SendByte
    oled.o(i.OLED_WriteData) refers to oled.o(i.OLED_I2C_Stop) for OLED_I2C_Stop
    dht11.o(i.DHT11_Check) refers to dht11.o(i.DHT11_IO_IN) for DHT11_IO_IN
[...]
    ..\NET\MQTT\MqttKit.c                    0x00000000   Number         0  mqttkit.o ABSOLUTE
    ..\NET\cJSON\cJSON.c                     0x00000000   Number         0  cjson.o ABSOLUTE
    ..\NET\device\esp8266.c                  0x00000000   Number         0  esp8266.o ABSOLUTE
    ..\NET\onenet\onenet.c                   0x00000000   Number         0  onenet.o ABSOLUTE
    ..\STM32F10x_FWLib\src\misc.c            0x00000000   Number         0  misc.o ABSOLUTE
    ..\STM32F10x_FWLib\src\stm32f10x_adc.c   0x00000000   Number         0  stm32f10x_adc.o ABSOLUTE
    ..\STM32F10x_FWLib\src\stm32f10x_bkp.c   0x00000000   Number         0  stm32f10x_bkp.o ABSOLUTE
    ..\STM32F10x_FWLib\src\stm32f10x_can.c   0x00000000   Number         0  stm32f10x_can.o ABSOLUTE
    ..\STM32F10x_FWLib\src\stm32f10x_cec.c   0x00000000   Number         0  stm32f10x_cec.o ABSOLUTE
    ..\STM32F10x_FWLib\src\stm32f10x_crc.c   0x00000000   Number         0  stm32f10x_crc.o ABSOLUTE
    ..\STM32F10x_FWLib\src\stm32f10x_dac.c   0x00000000   Number         0  stm32f10x_dac.o ABSOLUTE
    ..\STM32F10x_FWLib\src\stm32f10x_dbgmcu.c 0x00000000   Number         0  stm32f10x_dbgmcu.o ABSOLUTE
    ..\STM32F10x_FWLib\src\stm32f10x_dma.c   0x00000000   Number         0  stm32f10x_dma.o ABSOLUTE
    ..\STM32F10x_FWLib\src\stm32f10x_exti.c  0x00000000   Number         0  stm32f10x_exti.o ABSOLUTE
    ..\STM32F10x_FWLib\src\stm32f10x_flash.c 0x00000000   Number         0  stm32f10x_flash.o ABSOLUTE
    ..\STM32F10x_FWLib\src\stm32f10x_fsmc.c  0x00000000   Number         0  stm32f10x_fsmc.o ABSOLUTE
    ..\STM32F10x_FWLib\src\stm32f10x_gpio.c  0x00000000   Number         0  stm32f10x_gpio.o ABSOLUTE
    ..\STM32F10x_FWLib\src\stm32f10x_i2c.c   0x00000000   Number         0  stm32f10x_i2c.o ABSOLUTE
    ..\STM32F10x_FWLib\src\stm32f10x_iwdg.c  0x00000000   Number         0  stm32f10x_iwdg.o ABSOLUTE
    ..\STM32F10x_FWLib\src\stm32f10x_pwr.c   0x00000000   Number         0  stm32f10x_pwr.o ABSOLUTE
    ..\STM32F10x_FWLib\src\stm32f10x_rcc.c   0x00000000   Number         0  stm32f10x_rcc.o ABSOLUTE
    ..\STM32F10x_FWLib\src\stm32f10x_rtc.c   0x00000000   Number         0  stm32f10x_rtc.o ABSOLUTE
    ..\STM32F10x_FWLib\src\stm32f10x_sdio.c  0x00000000   Number         0  stm32f10x_sdio.o ABSOLUTE
    ..\STM32F10x_FWLib\src\stm32f10x_spi.c   0x00000000   Number         0  stm32f10x_spi.o ABSOLUTE
    ..\STM32F10x_FWLib\src\stm32f10x_tim.c   0x00000000   Number         0  stm32f10x_tim.o ABSOLUTE
    ..\STM32F10x_FWLib\src\stm32f10x_usart.c 0x00000000   Number         0  stm32f10x_usart.o ABSOLUTE
    ..\STM32F10x_FWLib\src\stm32f10x_wwdg.c  0x00000000   Number         0  stm32f10x_wwdg.o ABSOLUTE
    ..\SYSTEM\EXTI\exti.c                    0x00000000   Number         0  exti.o ABSOLUTE
    ..\SYSTEM\TIMER\timer.c                  0x00000000   Number         0  timer.o ABSOLUTE
    ..\SYSTEM\delay\delay.c                  0x00000000   Number         0  delay.o ABSOLUTE
    ..\SYSTEM\sys\sys.c                      0x00000000   Number         0  sys.o ABSOLUTE
    ..\SYSTEM\usart\usart.c                  0x00000000   Number         0  usart.o ABSOLUTE
    ..\\CORE\\core_cm3.c                     0x00000000   Number         0  core_cm3.o ABSOLUTE
    cdcmple.s                                0x00000000   Number         0  cdcmple.o ABSOLUTE
    cdrcmple.s                               0x00000000   Number         0  cdrcmple.o ABSOLUTE
    dc.s                                     0x00000000   Number         0  dc.o ABSOLUTE
    handlers.s                               0x00000000   Number         0  handlers.o ABSOLUTE
    init.s                                   0x00000000   Number         0  init.o ABSOLUTE
    main.c                                   0x00000000   Number         0  main.o ABSOLUTE
    stm32f10x_it.c                           0x00000000   Number         0  stm32f10x_it.o ABSOLUTE
    system_stm32f10x.c                       0x00000000   Number         0  system_stm32f10x.o ABSOLUTE
    RESET                                    0x08000000   Section      304  startup_stm32f10x_hd.o(RESET)
    .ARM.Collect$$$$00000000                 0x08000130   Section        0  entry.o(.ARM.Collect$$$$00000000)
    .ARM.Collect$$$$00000001                 0x08000130   Section        4  entry2.o(.ARM.Collect$$$$00000001)
    .ARM.Collect$$$$00000004                 0x08000134   Section        4  entry5.o(.ARM.Collect$$$$00000004)
    .ARM.Collect$$$$00000008                 0x08000138   Section        0  entry7b.o(.ARM.Collect$$$$00000008)
    .ARM.Collect$$$$0000000A                 0x08000138   Section        0  entry8b.o(.ARM.Collect$$$$0000000A)
    .ARM.Collect$$$$0000000B                 0x08000138   Section        8  entry9a.o(.ARM.Collect$$$$0000000B)
    .ARM.Collect$$$$0000000D                 0x08000140   Section        0  entry10a.o(.ARM.Collect$$$$0000000D)
    .ARM.Collect$$$$0000000F                 0x08000140   Section        0  entry11a.o(.ARM.Collect$$$$0000000F)
    .ARM.Collect$$$$00002712                 0x08000140   Section        4  entry2.o(.ARM.Collect$$$$00002712)
    __lit__00000000                          0x08000140   Data           4  entry2.o(.ARM.Collect$$$$00002712)
    .text                                    0x08000144   Section       36  startup_stm32f10x_hd.o(.text)
    .text                                    0x08000168   Section        0  tolower.o(.text)
    .text                                    0x08000174   Section        0  memcpya.o(.text)
    .text                                    0x08000198   Section        0  memseta.o(.text)
    .text                                    0x080001bc   Section        0  strstr.o(.text)
    .text                                    0x080001e0   Section        0  strchr.o(.text)
    .text                                    0x080001f4   Section        0  strlen.o(.text)
    .text                                    0x08000202   Section        0  strncat.o(.text)
    .text                                    0x0800022a   Section        0  strncmp.o(.text)
    .text                                    0x08000248   Section        0  atoi.o(.text)
    .text                                    0x08000262   Section        0  dadd.o(.text)
    .text                                    0x080003b0   Section        0  dmul.o(.text)
    .text                                    0x08000494   Section        0  dflti.o(.text)
    .text                                    0x080004b6   Section        0  dfixi.o(.text)
    .text                                    0x080004f4   Section       48  cdrcmple.o(.text)
    .text                                    0x08000524   Section        0  uidiv.o(.text)
    .text                                    0x08000550   Section        0  uldiv.o(.text)
    .text                                    0x080005b2   Section        0  llshl.o(.text)
    .text                                    0x080005d0   Section        0  llushr.o(.text)
    .text                                    0x080005f0   Section        0  llsshr.o(.text)
    .text                                    0x08000614   Section        0  strtol.o(.text)
    .text                                    0x08000684   Section        0  depilogue.o(.text)
    .text                                    0x08000684   Section        0  iusefp.o(.text)
    .text                                    0x0800073e   Section        0  ddiv.o(.text)
    .text                                    0x0800081c   Section        0  dscalb.o(.text)
    .text                                    0x0800084a   Section        0  dfixul.o(.text)
    .text                                    0x0800087c   Section       36  init.o(.text)
    .text                                    0x080008a0   Section        0  ctype_o.o(.text)
    .text                                    0x080008a8   Section        0  _strtoul.o(.text)
    .text                                    0x08000946   Section        0  dsqrt.o(.text)
    .text                                    0x080009e8   Section        0  _chval.o(.text)
    .text                                    0x08000a04   Section        0  __dclz77c.o(.text)
    i.BEEP_Init                              0x08000a64   Section        0  beep.o(i.BEEP_Init)
    i.BusFault_Handler                       0x08000a9c   Section        0  stm32f10x_it.o(i.BusFault_Handler)
    i.DHT11_Check                            0x08000aa0   Section        0  dht11.o(i.DHT11_Check)
    i.DHT11_IO_IN                            0x08000afc   Section        0  dht11.o(i.DHT11_IO_IN)
    i.DHT11_IO_OUT                           0x08000b2c   Section        0  dht11.o(i.DHT11_IO_OUT)
    i.DHT11_Init                             0x08000b50   Section        0  dht11.o(i.DHT11_Init)
    i.DHT11_Read_Bit                         0x08000b5c   Section        0  dht11.o(i.DHT11_Read_Bit)
    i.DHT11_Read_Byte                        0x08000bbc   Section        0  dht11.o(i.DHT11_Read_Byte)
    i.DHT11_Read_Data                        0x08000bda   Section        0  dht11.o(i.DHT11_Read_Data)
    i.DHT11_Rst                              0x08000c34   Section        0  dht11.o(i.DHT11_Rst)
    i.DebugMon_Handler                       0x08000c60   Section        0  stm32f10x_it.o(i.DebugMon_Handler)
    i.DelayUs                                0x08000c64   Section        0  delay.o(i.DelayUs)
    i.DelayXms                               0x08000ca4   Section        0  delay.o(i.DelayXms)
    i.Delay_Init                             0x08000cec   Section        0  delay.o(i.Delay_Init)
    i.ESP8266_Clear                          0x08000d24   Section        0  esp8266.o(i.ESP8266_Clear)
    i.ESP8266_GetIPD                         0x08000d40   Section        0  esp8266.o(i.ESP8266_GetIPD)
    i.ESP8266_Init                           0x08000d90   Section        0  esp8266.o(i.ESP8266_Init)
    i.ESP8266_SendCmd                        0x08000fb4   Section        0  esp8266.o(i.ESP8266_SendCmd)
    i.ESP8266_SendData                       0x08001008   Section        0  esp8266.o(i.ESP8266_SendData)
    i.ESP8266_WaitRecive                     0x08001050   Section        0  esp8266.o(i.ESP8266_WaitRecive)
    i.EXTI0_IRQHandler                       0x08001084   Section        0  exti.o(i.EXTI0_IRQHandler)
    i.EXTI1_IRQHandler                       0x080010b4   Section        0  exti.o(i.EXTI1_IRQHandler)
    i.EXTIX_Init                             0x080010ec   Section        0  exti.o(i.EXTIX_Init)
    i.EXTI_ClearITPendingBit                 0x0800117c   Section        0  stm32f10x_exti.o(i.EXTI_ClearITPendingBit)
    i.EXTI_Init                              0x08001188   Section        0  stm32f10x_exti.o(i.EXTI_Init)
    i.GPIO_EXTILineConfig                    0x0800121c   Section        0  stm32f10x_gpio.o(i.GPIO_EXTILineConfig)
    i.GPIO_Init                              0x0800125c   Section        0  stm32f10x_gpio.o(i.GPIO_Init)
    i.GPIO_ReadInputDataBit                  0x08001372   Section        0  stm32f10x_gpio.o(i.GPIO_ReadInputDataBit)
    i.GPIO_ResetBits                         0x08001384   Section        0  stm32f10x_gpio.o(i.GPIO_ResetBits)
    i.GPIO_SetBits                           0x08001388   Section        0  stm32f10x_gpio.o(i.GPIO_SetBits)
    i.GPIO_WriteBit                          0x0800138c   Section        0  stm32f10x_gpio.o(i.GPIO_WriteBit)
    i.HardFault_Handler                      0x08001396   Section        0  stm32f10x_it.o(i.HardFault_Handler)
    i.KEY_Init                               0x0800139c   Section        0  key.o(i.KEY_Init)
    i.LED_Init                               0x080013d4   Section        0  led.o(i.LED_Init)
    i.MQTT_DeleteBuffer                      0x08001424   Section        0  mqttkit.o(i.MQTT_DeleteBuffer)
    i.MQTT_DumpLength                        0x08001440   Section        0  mqttkit.o(i.MQTT_DumpLength)
    i.MQTT_NewBuffer                         0x0800146e   Section        0  mqttkit.o(i.MQTT_NewBuffer)
    i.MQTT_PacketConnect                     0x080014c8   Section        0  mqttkit.o(i.MQTT_PacketConnect)
    i.MQTT_PacketPublish                     0x08001768   Section        0  mqttkit.o(i.MQTT_PacketPublish)
    i.MQTT_PacketPublishComp                 0x08001920   Section        0  mqttkit.o(i.MQTT_PacketPublishComp)
    i.MQTT_PacketPublishRel                  0x08001968   Section        0  mqttkit.o(i.MQTT_PacketPublishRel)
    i.MQTT_PacketSubscribe                   0x080019b0   Section        0  mqttkit.o(i.MQTT_PacketSubscribe)
    i.MQTT_ReadLength                        0x08001aae   Section        0  mqttkit.o(i.MQTT_ReadLength)
    i.MQTT_UnPacketCmd                       0x08001af4   Section        0  mqttkit.o(i.MQTT_UnPacketCmd)
    i.MQTT_UnPacketConnectAck                0x08001b80   Section        0  mqttkit.o(i.MQTT_UnPacketConnectAck)
    i.MQTT_UnPacketPublish                   0x08001ba0   Section        0  mqttkit.o(i.MQTT_UnPacketPublish)
    i.MQTT_UnPacketPublishAck                0x08001d60   Section        0  mqttkit.o(i.MQTT_UnPacketPublishAck)
    i.MQTT_UnPacketPublishComp               0x08001d7e   Section        0  mqttkit.o(i.MQTT_UnPacketPublishComp)
    i.MQTT_UnPacketPublishRec                0x08001d9c   Section        0  mqttkit.o(i.MQTT_UnPacketPublishRec)
    i.MQTT_UnPacketPublishRel                0x08001dba   Section        0  mqttkit.o(i.MQTT_UnPacketPublishRel)
    i.MQTT_UnPacketRecv                      0x08001de0   Section        0  mqttkit.o(i.MQTT_UnPacketRecv)
    i.MQTT_UnPacketSubscribe                 0x08001e54   Section        0  mqttkit.o(i.MQTT_UnPacketSubscribe)
    i.MQTT_UnPacketUnSubscribe               0x08001e88   Section        0  mqttkit.o(i.MQTT_UnPacketUnSubscribe)
    i.MemManage_Handler                      0x08001e9a   Section        0  stm32f10x_it.o(i.MemManage_Handler)
    i.NMI_Handler                            0x08001e9e   Section        0  stm32f10x_it.o(i.NMI_Handler)
    i.NVIC_Init                              0x08001ea0   Section        0  misc.o(i.NVIC_Init)
    i.NVIC_PriorityGroupConfig               0x08001f10   Section        0  misc.o(i.NVIC_PriorityGroupConfig)
    i.OLED_Clear                             0x08001f24   Section        0  oled.o(i.OLED_Clear)
    i.OLED_I2C_Init                          0x08001f50   Section        0  oled.o(i.OLED_I2C_Init)
    i.OLED_I2C_SendByte                      0x08001fa0   Section        0  oled.o(i.OLED_I2C_SendByte)
    i.OLED_I2C_Start                         0x08001ff4   Section        0  oled.o(i.OLED_I2C_Start)
    i.OLED_I2C_Stop                          0x08002028   Section        0  oled.o(i.OLED_I2C_Stop)
    i.OLED_Init                              0x08002050   Section        0  oled.o(i.OLED_Init)
    i.OLED_Pow                               0x080020fe   Section        0  oled.o(i.OLED_Pow)
    i.OLED_SetCursor                         0x08002112   Section        0  oled.o(i.OLED_SetCursor)
    i.OLED_ShowChar                          0x08002134   Section        0  oled.o(i.OLED_ShowChar)
    i.OLED_ShowSignedNum                     0x080021a8   Section        0  oled.o(i.OLED_ShowSignedNum)
    i.OLED_ShowString                        0x0800220e   Section        0  oled.o(i.OLED_ShowString)
    i.OLED_WriteCommand                      0x08002236   Section        0  oled.o(i.OLED_WriteCommand)
    i.OLED_WriteData                         0x08002256   Section        0  oled.o(i.OLED_WriteData)
    i.OneNet_DevLink                         0x08002278   Section        0  onenet.o(i.OneNet_DevLink)
    i.OneNet_Publish                         0x080024b8   Section        0  onenet.o(i.OneNet_Publish)
    i.OneNet_RevPro                          0x08002534   Section        0  onenet.o(i.OneNet_RevPro)
    i.OneNet_Subscribe                       0x08002958   Section        0  onenet.o(i.OneNet_Subscribe)
    i.PendSV_Handler                         0x080029c4   Section        0  stm32f10x_it.o(i.PendSV_Handler)
    i.RCC_APB1PeriphClockCmd                 0x080029c8   Section        0  stm32f10x_rcc.o(i.RCC_APB1PeriphClockCmd)
    i.RCC_APB2PeriphClockCmd                 0x080029e8   Section        0  stm32f10x_rcc.o(i.RCC_APB2PeriphClockCmd)
    i.RCC_GetClocksFreq                      0x08002a08   Section        0  stm32f10x_rcc.o(i.RCC_GetClocksFreq)
    i.SVC_Handler                            0x08002adc   Section        0  stm32f10x_it.o(i.SVC_Handler)
    i.SetSysClock                            0x08002ade   Section        0  system_stm32f10x.o(i.SetSysClock)
    SetSysClock                              0x08002adf   Thumb Code     8  system_stm32f10x.o(i.SetSysClock)
    i.SetSysClockTo72                        0x08002ae8   Section        0  system_stm32f10x.o(i.SetSysClockTo72)
    SetSysClockTo72                          0x08002ae9   Thumb Code   214  system_stm32f10x.o(i.SetSysClockTo72)
    i.SysTick_Handler                        0x08002bc8   Section        0  stm32f10x_it.o(i.SysTick_Handler)
    i.SystemInit                             0x08002bcc   Section        0  system_stm32f10x.o(i.SystemInit)
    i.TIM2_IRQHandler                        0x08002c2c   Section        0  timer.o(i.TIM2_IRQHandler)
    i.TIM2_Int_Init                          0x08002ca8   Section        0  timer.o(i.TIM2_Int_Init)
    i.TIM3_IRQHandler                        0x08002d04   Section        0  timer.o(i.TIM3_IRQHandler)
    i.TIM3_Int_Init                          0x08002d64   Section        0  timer.o(i.TIM3_Int_Init)
    i.TIM_ClearITPendingBit                  0x08002dc4   Section        0  stm32f10x_tim.o(i.TIM_ClearITPendingBit)
    i.TIM_Cmd                                0x08002dca   Section        0  stm32f10x_tim.o(i.TIM_Cmd)
    i.TIM_GetITStatus                        0x08002de2   Section        0  stm32f10x_tim.o(i.TIM_GetITStatus)
    i.TIM_ITConfig                           0x08002e04   Section        0  stm32f10x_tim.o(i.TIM_ITConfig)
    i.TIM_TimeBaseInit                       0x08002e18   Section        0  stm32f10x_tim.o(i.TIM_TimeBaseInit)
    i.USART1_IRQHandler                      0x08002ebc   Section        0  usart.o(i.USART1_IRQHandler)
    i.USART2_IRQHandler                      0x08002f44   Section        0  esp8266.o(i.USART2_IRQHandler)
    i.USART_ClearFlag                        0x08002f90   Section        0  stm32f10x_usart.o(i.USART_ClearFlag)
    i.USART_Cmd                              0x08002fa2   Section        0  stm32f10x_usart.o(i.USART_Cmd)
    i.USART_GetFlagStatus                    0x08002fba   Section        0  stm32f10x_usart.o(i.USART_GetFlagStatus)
    i.USART_GetITStatus                      0x08002fd4   Section        0  stm32f10x_usart.o(i.USART_GetITStatus)
    i.USART_ITConfig                         0x08003028   Section        0  stm32f10x_usart.o(i.USART_ITConfig)
    i.USART_Init                             0x08003074   Section        0  stm32f10x_usart.o(i.USART_Init)
    i.USART_ReceiveData                      0x0800314c   Section        0  stm32f10x_usart.o(i.USART_ReceiveData)
    i.USART_SendData                         0x08003156   Section        0  stm32f10x_usart.o(i.USART_SendData)
    i.UsageFault_Handler                     0x0800315e   Section        0  stm32f10x_it.o(i.UsageFault_Handler)
    i.Usart1_Init                            0x08003164   Section        0  usart.o(i.Usart1_Init)
    i.Usart2_Init                            0x08003214   Section        0  usart.o(i.Usart2_Init)
    i.UsartPrintf                            0x080032c0   Section        0  usart.o(i.UsartPrintf)
    i.Usart_SendString                       0x08003308   Section        0  usart.o(i.Usart_SendString)
    i.__0sprintf                             0x0800333c   Section        0  printfa.o(i.__0sprintf)
    i.__0vsnprintf                           0x08003364   Section        0  printfa.o(i.__0vsnprintf)
    i.__ARM_fpclassify                       0x08003390   Section        0  fpclassify.o(i.__ARM_fpclassify)
    i.__aeabi_errno_addr                     0x080033b8   Section        0  errno.o(i.__aeabi_errno_addr)
    i.__kernel_poly                          0x080033c0   Section        0  poly.o(i.__kernel_poly)
    i.__mathlib_dbl_divzero                  0x0800346c   Section        0  dunder.o(i.__mathlib_dbl_divzero)
    i.__mathlib_dbl_infnan2                  0x0800347c   Section        0  dunder.o(i.__mathlib_dbl_infnan2)
    i.__mathlib_dbl_invalid                  0x08003480   Section        0  dunder.o(i.__mathlib_dbl_invalid)
    i.__mathlib_dbl_overflow                 0x0800348c   Section        0  dunder.o(i.__mathlib_dbl_overflow)
    i.__mathlib_dbl_underflow                0x0800349c   Section        0  dunder.o(i.__mathlib_dbl_underflow)
    i.__scatterload_copy                     0x080034ac   Section       14  handlers.o(i.__scatterload_copy)
    i.__scatterload_null                     0x080034ba   Section        2  handlers.o(i.__scatterload_null)
    i.__scatterload_zeroinit                 0x080034bc   Section       14  handlers.o(i.__scatterload_zeroinit)
    i.__set_errno                            0x080034cc   Section        0  errno.o(i.__set_errno)
    i._fp_digits                             0x080034d8   Section        0  printfa.o(i._fp_digits)
    _fp_digits                               0x080034d9   Thumb Code   366  printfa.o(i._fp_digits)
    i._printf_core                           0x0800365c   Section        0  printfa.o(i._printf_core)
    _printf_core                             0x0800365d   Thumb Code  1744  printfa.o(i._printf_core)
    i._printf_post_padding                   0x08003d38   Section        0  printfa.o(i._printf_post_padding)
    _printf_post_padding                     0x08003d39   Thumb Code    36  printfa.o(i._printf_post_padding)
    i._printf_pre_padding                    0x08003d5c   Section        0  printfa.o(i._printf_pre_padding)
    _printf_pre_padding                      0x08003d5d   Thumb Code    46  printfa.o(i._printf_pre_padding)
    i._snputc                                0x08003d8a   Section        0  printfa.o(i._snputc)
    _snputc                                  0x08003d8b   Thumb Code    22  printfa.o(i._snputc)
    i._sputc                                 0x08003da0   Section        0  printfa.o(i._sputc)
    _sputc                                   0x08003da1   Thumb Code    10  printfa.o(i._sputc)
    i.cJSON_Delete                           0x08003dac   Section        0  cjson.o(i.cJSON_Delete)
    i.cJSON_GetErrorPtr                      0x08003e04   Section        0  cjson.o(i.cJSON_GetErrorPtr)
    i.cJSON_GetObjectItem                    0x08003e10   Section        0  cjson.o(i.cJSON_GetObjectItem)
    i.cJSON_New_Item                         0x08003e30   Section        0  cjson.o(i.cJSON_New_Item)
    cJSON_New_Item                           0x08003e31   Thumb Code    26  cjson.o(i.cJSON_New_Item)
    i.cJSON_Parse                            0x08003e50   Section        0  cjson.o(i.cJSON_Parse)
    i.cJSON_ParseWithOpts                    0x08003e60   Section        0  cjson.o(i.cJSON_ParseWithOpts)
    i.cJSON_strcasecmp                       0x08003ec4   Section        0  cjson.o(i.cJSON_strcasecmp)
    cJSON_strcasecmp                         0x08003ec5   Thumb Code    76  cjson.o(i.cJSON_strcasecmp)
    i.delay_ms                               0x08003f10   Section        0  delay.o(i.delay_ms)
    i.free                                   0x08003f4c   Section        0  malloc.o(i.free)
    i.main                                   0x08003f9c   Section        0  main.o(i.main)
    i.malloc                                 0x08004188   Section        0  malloc.o(i.malloc)
    i.parse_array                            0x080041f4   Section        0  cjson.o(i.parse_array)
    parse_array                              0x080041f5   Thumb Code   166  cjson.o(i.parse_array)
    i.parse_hex4                             0x080042a0   Section        0  cjson.o(i.parse_hex4)
    parse_hex4                               0x080042a1   Thumb Code   276  cjson.o(i.parse_hex4)
    i.parse_number                           0x080043b4   Section        0  cjson.o(i.parse_number)
    parse_number                             0x080043b5   Thumb Code   432  cjson.o(i.parse_number)
    i.parse_object                           0x08004570   Section        0  cjson.o(i.parse_object)
    parse_object                             0x08004571   Thumb Code   270  cjson.o(i.parse_object)
    i.parse_string                           0x08004684   Section        0  cjson.o(i.parse_string)
    parse_string                             0x08004685   Thumb Code   448  cjson.o(i.parse_string)
    i.parse_value                            0x08004850   Section        0  cjson.o(i.parse_value)
    parse_value                              0x08004851   Thumb Code   158  cjson.o(i.parse_value)
    i.pow                                    0x0800490c   Section        0  pow.o(i.pow)
    i.skip                                   0x080052e4   Section        0  cjson.o(i.skip)
    skip                                     0x080052e5   Thumb Code    18  cjson.o(i.skip)
    i.sqrt                                   0x080052f6   Section        0  sqrt.o(i.sqrt)
    .constdata                               0x08005342   Section       17  main.o(.constdata)
    .constdata                               0x08005353   Section     1520  oled.o(.constdata)
    .constdata                               0x08005943   Section        7  cjson.o(.constdata)
    firstByteMark                            0x08005943   Data           7  cjson.o(.constdata)
    .constdata                               0x08005950   Section      136  pow.o(.constdata)
    bp                                       0x08005950   Data          16  pow.o(.constdata)
    dp_h                                     0x08005960   Data          16  pow.o(.constdata)
    dp_l                                     0x08005970   Data          16  pow.o(.constdata)
    L                                        0x08005980   Data          48  pow.o(.constdata)
    P                                        0x080059b0   Data          40  pow.o(.constdata)
    .constdata                               0x080059d8   Section        8  qnan.o(.constdata)
    .constdata                               0x080059e0   Section      129  ctype_o.o(.constdata)
    .constdata                               0x08005a64   Section        4  ctype_o.o(.constdata)
    table                                    0x08005a64   Data           4  ctype_o.o(.constdata)
    .conststring                             0x08005a68   Section       17  main.o(.conststring)
    .data                                    0x20000000   Section     2060  main.o(.data)
    .data                                    0x2000080c   Section       20  stm32f10x_rcc.o(.data)
    APBAHBPrescTable                         0x2000080c   Data          16  stm32f10x_rcc.o(.data)
    ADCPrescTable                            0x2000081c   Data           4  stm32f10x_rcc.o(.data)
    .data                                    0x20000820   Section        4  delay.o(.data)
    .data                                    0x20000824   Section        6  usart.o(.data)
    .data                                    0x2000082a   Section        4  esp8266.o(.data)
    .data                                    0x2000082e   Section        2  onenet.o(.data)
    pkt_id                                   0x2000082e   Data           2  onenet.o(.data)
    .data                                    0x20000830   Section       12  cjson.o(.data)
    ep                                       0x20000830   Data           4  cjson.o(.data)
    cJSON_malloc                             0x20000834   Data           4  cjson.o(.data)
    cJSON_free                               0x20000838   Data           4  cjson.o(.data)
    .data                                    0x2000083c   Section        4  mvars.o(.data)
    .data                                    0x20000840   Section        4  mvars.o(.data)
    .data                                    0x20000844   Section        4  errno.o(.data)
    _errno                                   0x20000844   Data           4  errno.o(.data)
    .bss                                     0x20000848   Section      256  main.o(.bss)
    .bss                                     0x20000948   Section      200  usart.o(.bss)
    .bss                                     0x20000a10   Section      128  esp8266.o(.bss)
    HEAP                                     0x20000a90   Section      512  startup_stm32f10x_hd.o(HEAP)
    STACK                                    0x20000c90   Section     1024  startup_stm32f10x_hd.o(STACK)

    Global Symbols

    Symbol Name                              Value     Ov Type        Size  Object(Section)

    BuildAttributes$$THM_ISAv4$P$D$K$B$S$PE$A:L22UL41UL21$X:L11$S22US41US21$IEEE1$IW$USESV6$~STKCKD$USESV7$~SHL$OTIME$ROPI$IEEEX$EBA8$MICROLIB$REQ8$PRES8$EABIv2 0x00000000   Number         0  anon$$obj.o ABSOLUTE
    __ARM_use_no_argv                        0x00000000   Number         0  main.o ABSOLUTE
    __use_no_errno                           0x00000000   Number         0  useno.o ABSOLUTE
    __use_no_exception_handling              0x00000000   Number         0  useno.o ABSOLUTE
    __use_no_fp                              0x00000000   Number         0  useno.o ABSOLUTE
    __use_no_heap                            0x00000000   Number         0  useno.o ABSOLUTE
    __use_no_heap_region                     0x00000000   Number         0  useno.o ABSOLUTE
    __use_no_semihosting                     0x00000000   Number         0  useno.o ABSOLUTE
    __use_no_semihosting_swi                 0x00000000   Number         0  useno.o ABSOLUTE
    __use_no_signal_handling                 0x00000000   Number         0  useno.o ABSOLUTE
    _printf_a                                0x00000000   Number         0  stubs.o ABSOLUTE
    _printf_c                                0x00000000   Number         0  stubs.o ABSOLUTE
    _printf_charcount                        0x00000000   Number         0  stubs.o ABSOLUTE
    _printf_d                                0x00000000   Number         0  stubs.o ABSOLUTE
    _printf_e                                0x00000000   Number         0  stubs.o ABSOLUTE
    _printf_f                                0x00000000   Number         0  stubs.o ABSOLUTE
    _printf_flags                            0x00000000   Number         0  stubs.o ABSOLUTE
    _printf_fp_dec                           0x00000000   Number         0  stubs.o ABSOLUTE
    _printf_fp_hex                           0x00000000   Number         0  stubs.o ABSOLUTE
    _printf_g                                0x00000000   Number         0  stubs.o ABSOLUTE
    _printf_i                                0x00000000   Number         0  stubs.o ABSOLUTE
    _printf_int_dec                          0x00000000   Number         0  stubs.o ABSOLUTE
    _printf_l                                0x00000000   Number         0  stubs.o ABSOLUTE
    _printf_lc                               0x00000000   Number         0  stubs.o ABSOLUTE
    _printf_ll                               0x00000000   Number         0  stubs.o ABSOLUTE
    _printf_lld                              0x00000000   Number         0  stubs.o ABSOLUTE
    _printf_lli                              0x00000000   Number         0  stubs.o ABSOLUTE
    _printf_llo                              0x00000000   Number         0  stubs.o ABSOLUTE
    _printf_llu                              0x00000000   Number         0  stubs.o ABSOLUTE
    _printf_llx                              0x00000000   Number         0  stubs.o ABSOLUTE
    _printf_longlong_dec                     0x00000000   Number         0  stubs.o ABSOLUTE
    _printf_longlong_hex                     0x00000000   Number         0  stubs.o ABSOLUTE
    _printf_longlong_oct                     0x00000000   Number         0  stubs.o ABSOLUTE
    _printf_ls                               0x00000000   Number         0  stubs.o ABSOLUTE
    _printf_mbtowc                           0x00000000   Number         0  stubs.o ABSOLUTE
    _printf_n                                0x00000000   Number         0  stubs.o ABSOLUTE
    _printf_o                                0x00000000   Number         0  stubs.o ABSOLUTE
    _printf_p                                0x00000000   Number         0  stubs.o ABSOLUTE
    _printf_percent                          0x00000000   Number         0  stubs.o ABSOLUTE
    _printf_pre_padding                      0x00000000   Number         0  stubs.o ABSOLUTE
    _printf_return_value                     0x00000000   Number         0  stubs.o ABSOLUTE
    _printf_s                                0x00000000   Number         0  stubs.o ABSOLUTE
    _printf_sizespec                         0x00000000   Number         0  stubs.o ABSOLUTE
    _printf_str                              0x00000000   Number         0  stubs.o ABSOLUTE
    _printf_truncate_signed                  0x00000000   Number         0  stubs.o ABSOLUTE
    _printf_truncate_unsigned                0x00000000   Number         0  stubs.o ABSOLUTE
    _printf_u                                0x00000000   Number         0  stubs.o ABSOLUTE
    _printf_wc                               0x00000000   Number         0  stubs.o ABSOLUTE
    _printf_wctomb                           0x00000000   Number         0  stubs.o ABSOLUTE
    _printf_widthprec                        0x00000000   Number         0  stubs.o ABSOLUTE
    _printf_x                                0x00000000   Number         0  stubs.o ABSOLUTE
    __cpp_initialize__aeabi_                  - Undefined Weak Reference
    __cxa_finalize                            - Undefined Weak Reference
    _clock_init                               - Undefined Weak Reference
    _microlib_exit                            - Undefined Weak Reference
    __Vectors_Size                           0x00000130   Number         0  startup_stm32f10x_hd.o ABSOLUTE
    __Vectors                                0x08000000   Data           4  startup_stm32f10x_hd.o(RESET)
    __Vectors_End                            0x08000130   Data           0  startup_stm32f10x_hd.o(RESET)
    __main                                   0x08000131   Thumb Code     0  entry.o(.ARM.Collect$$$$00000000)
    _main_stk                                0x08000131   Thumb Code     0  entry2.o(.ARM.Collect$$$$00000001)
    _main_scatterload                        0x08000135   Thumb Code     0  entry5.o(.ARM.Collect$$$$00000004)
    __main_after_scatterload                 0x08000139   Thumb Code     0  entry5.o(.ARM.Collect$$$$00000004)
    _main_clock                              0x08000139   Thumb Code     0  entry7b.o(.ARM.Collect$$$$00000008)
    _main_cpp_init                           0x08000139   Thumb Code     0  entry8b.o(.ARM.Collect$$$$0000000A)
    _main_init                               0x08000139   Thumb Code     0  entry9a.o(.ARM.Collect$$$$0000000B)
    __rt_final_cpp                           0x08000141   Thumb Code     0  entry10a.o(.ARM.Collect$$$$0000000D)
    __rt_final_exit                          0x08000141   Thumb Code     0  entry11a.o(.ARM.Collect$$$$0000000F)
    Reset_Handler                            0x08000145   Thumb Code     8  startup_stm32f10x_hd.o(.text)
    ADC1_2_IRQHandler                        0x0800015f   Thumb Code     0  startup_stm32f10x_hd.o(.text)
    ADC3_IRQHandler                          0x0800015f   Thumb Code     0  startup_stm32f10x_hd.o(.text)
    CAN1_RX1_IRQHandler                      0x0800015f   Thumb Code     0  startup_stm32f10x_hd.o(.text)
    CAN1_SCE_IRQHandler                      0x0800015f   Thumb Code     0  startup_stm32f10x_hd.o(.text)
    DMA1_Channel1_IRQHandler                 0x0800015f   Thumb Code     0  startup_stm32f10x_hd.o(.text)
    DMA1_Channel2_IRQHandler                 0x0800015f   Thumb Code     0  startup_stm32f10x_hd.o(.text)
    DMA1_Channel3_IRQHandler                 0x0800015f   Thumb Code     0  startup_stm32f10x_hd.o(.text)
    DMA1_Channel4_IRQHandler                 0x0800015f   Thumb Code     0  startup_stm32f10x_hd.o(.text)
    DMA1_Channel5_IRQHandler                 0x0800015f   Thumb Code     0  startup_stm32f10x_hd.o(.text)
    DMA1_Channel6_IRQHandler                 0x0800015f   Thumb Code     0  startup_stm32f10x_hd.o(.text)
    DMA1_Channel7_IRQHandler                 0x0800015f   Thumb Code     0  startup_stm32f10x_hd.o(.text)
    DMA2_Channel1_IRQHandler                 0x0800015f   Thumb Code     0  startup_stm32f10x_hd.o(.text)
    DMA2_Channel2_IRQHandler                 0x0800015f   Thumb Code     0  startup_stm32f10x_hd.o(.text)
    DMA2_Channel3_IRQHandler                 0x0800015f   Thumb Code     0  startup_stm32f10x_hd.o(.text)
    DMA2_Channel4_5_IRQHandler               0x0800015f   Thumb Code     0  startup_stm32f10x_hd.o(.text)
    EXTI15_10_IRQHandler                     0x0800015f   Thumb Code     0  startup_stm32f10x_hd.o(.text)
    EXTI2_IRQHandler                         0x0800015f   Thumb Code     0  startup_stm32f10x_hd.o(.text)
    EXTI3_IRQHandler                         0x0800015f   Thumb Code     0  startup_stm32f10x_hd.o(.text)
    EXTI4_IRQHandler                         0x0800015f   Thumb Code     0  startup_stm32f10x_hd.o(.text)
    EXTI9_5_IRQHandler                       0x0800015f   Thumb Code     0  startup_stm32f10x_hd.o(.text)
    FLASH_IRQHandler                         0x0800015f   Thumb Code     0  startup_stm32f10x_hd.o(.text)
    FSMC_IRQHandler                          0x0800015f   Thumb Code     0  startup_stm32f10x_hd.o(.text)
    I2C1_ER_IRQHandler                       0x0800015f   Thumb Code     0  startup_stm32f10x_hd.o(.text)
    I2C1_EV_IRQHandler                       0x0800015f   Thumb Code     0  startup_stm32f10x_hd.o(.text)
    I2C2_ER_IRQHandler                       0x0800015f   Thumb Code     0  startup_stm32f10x_hd.o(.text)
    I2C2_EV_IRQHandler                       0x0800015f   Thumb Code     0  startup_stm32f10x_hd.o(.text)
    PVD_IRQHandler                           0x0800015f   Thumb Code     0  startup_stm32f10x_hd.o(.text)
    RCC_IRQHandler                           0x0800015f   Thumb Code     0  startup_stm32f10x_hd.o(.text)
    RTCAlarm_IRQHandler                      0x0800015f   Thumb Code     0  startup_stm32f10x_hd.o(.text)
    RTC_IRQHandler                           0x0800015f   Thumb Code     0  startup_stm32f10x_hd.o(.text)
    SDIO_IRQHandler                          0x0800015f   Thumb Code     0  startup_stm32f10x_hd.o(.text)
    SPI1_IRQHandler                          0x0800015f   Thumb Code     0  startup_stm32f10x_hd.o(.text)
    SPI2_IRQHandler                          0x0800015f   Thumb Code     0  startup_stm32f10x_hd.o(.text)
    SPI3_IRQHandler                          0x0800015f   Thumb Code     0  startup_stm32f10x_hd.o(.text)
    TAMPER_IRQHandler                        0x0800015f   Thumb Code     0  startup_stm32f10x_hd.o(.text)
    TIM1_BRK_IRQHandler                      0x0800015f   Thumb Code     0  startup_stm32f10x_hd.o(.text)
    TIM1_CC_IRQHandler                       0x0800015f   Thumb Code     0  startup_stm32f10x_hd.o(.text)
    TIM1_TRG_COM_IRQHandler                  0x0800015f   Thumb Code     0  startup_stm32f10x_hd.o(.text)
    TIM1_UP_IRQHandler                       0x0800015f   Thumb Code     0  startup_stm32f10x_hd.o(.text)
    TIM4_IRQHandler                          0x0800015f   Thumb Code     0  startup_stm32f10x_hd.o(.text)
    TIM5_IRQHandler                          0x0800015f   Thumb Code     0  startup_stm32f10x_hd.o(.text)
    TIM6_IRQHandler                          0x0800015f   Thumb Code     0  startup_stm32f10x_hd.o(.text)
    TIM7_IRQHandler                          0x0800015f   Thumb Code     0  startup_stm32f10x_hd.o(.text)
    TIM8_BRK_IRQHandler                      0x0800015f   Thumb Code     0  startup_stm32f10x_hd.o(.text)
    TIM8_CC_IRQHandler                       0x0800015f   Thumb Code     0  startup_stm32f10x_hd.o(.text)
    TIM8_TRG_COM_IRQHandler                  0x0800015f   Thumb Code     0  startup_stm32f10x_hd.o(.text)
    TIM8_UP_IRQHandler                       0x0800015f   Thumb Code     0  startup_stm32f10x_hd.o(.text)
    UART4_IRQHandler                         0x0800015f   Thumb Code     0  startup_stm32f10x_hd.o(.text)
    UART5_IRQHandler                         0x0800015f   Thumb Code     0  startup_stm32f10x_hd.o(.text)
    USART3_IRQHandler                        0x0800015f   Thumb Code     0  startup_stm32f10x_hd.o(.text)
    USBWakeUp_IRQHandler                     0x0800015f   Thumb Code     0  startup_stm32f10x_hd.o(.text)
    USB_HP_CAN1_TX_IRQHandler                0x0800015f   Thumb Code     0  startup_stm32f10x_hd.o(.text)
    USB_LP_CAN1_RX0_IRQHandler               0x0800015f   Thumb Code     0  startup_stm32f10x_hd.o(.text)
    WWDG_IRQHandler                          0x0800015f   Thumb Code     0  startup_stm32f10x_hd.o(.text)
    tolower                                  0x08000169   Thumb Code    12  tolower.o(.text)
    __aeabi_memcpy                           0x08000175   Thumb Code    36  memcpya.o(.text)
    __aeabi_memcpy4                          0x08000175   Thumb Code     0  memcpya.o(.text)
    __aeabi_memcpy8                          0x08000175   Thumb Code     0  memcpya.o(.text)
    __aeabi_memset                           0x08000199   Thumb Code    14  memseta.o(.text)
    __aeabi_memset4                          0x08000199   Thumb Code     0  memseta.o(.text)
    __aeabi_memset8                          0x08000199   Thumb Code     0  memseta.o(.text)
    __aeabi_memclr                           0x080001a7   Thumb Code     4  memseta.o(.text)
    __aeabi_memclr4                          0x080001a7   Thumb Code     0  memseta.o(.text)
    __aeabi_memclr8                          0x080001a7   Thumb Code     0  memseta.o(.text)
    _memset$wrapper                          0x080001ab   Thumb Code    18  memseta.o(.text)
    strstr                                   0x080001bd   Thumb Code    36  strstr.o(.text)
    strchr                                   0x080001e1   Thumb Code    20  strchr.o(.text)
    strlen                                   0x080001f5   Thumb Code    14  strlen.o(.text)
    strncat                                  0x08000203   Thumb Code    40  strncat.o(.text)
    strncmp                                  0x0800022b   Thumb Code    30  strncmp.o(.text)
    atoi                                     0x08000249   Thumb Code    26  atoi.o(.text)
    __aeabi_dadd                             0x08000263   Thumb Code   322  dadd.o(.text)
    __aeabi_dsub                             0x080003a5   Thumb Code     6  dadd.o(.text)
    __aeabi_drsub                            0x080003ab   Thumb Code     6  dadd.o(.text)
    __aeabi_dmul                             0x080003b1   Thumb Code   228  dmul.o(.text)
    __aeabi_i2d                              0x08000495   Thumb Code    34  dflti.o(.text)
    __aeabi_d2iz                             0x080004b7   Thumb Code    62  dfixi.o(.text)
    __aeabi_cdrcmple                         0x080004f5   Thumb Code    48  cdrcmple.o(.text)
    __aeabi_uidiv                            0x08000525   Thumb Code     0  uidiv.o(.text)
    __aeabi_uidivmod                         0x08000525   Thumb Code    44  uidiv.o(.text)
    __aeabi_uldivmod                         0x08000551   Thumb Code    98  uldiv.o(.text)
    __aeabi_llsl                             0x080005b3   Thumb Code    30  llshl.o(.text)
    _ll_shift_l                              0x080005b3   Thumb Code     0  llshl.o(.text)
    __aeabi_llsr                             0x080005d1   Thumb Code    32  llushr.o(.text)
    _ll_ushift_r                             0x080005d1   Thumb Code     0  llushr.o(.text)
    __aeabi_lasr                             0x080005f1   Thumb Code    36  llsshr.o(.text)
    _ll_sshift_r                             0x080005f1   Thumb Code     0  llsshr.o(.text)
    strtol                                   0x08000615   Thumb Code   112  strtol.o(.text)
    __I$use$fp                               0x08000685   Thumb Code     0  iusefp.o(.text)
    _double_round                            0x08000685   Thumb Code    30  depilogue.o(.text)
    _double_epilogue                         0x080006a3   Thumb Code   156  depilogue.o(.text)
    __aeabi_ddiv                             0x0800073f   Thumb Code   222  ddiv.o(.text)
    __ARM_scalbn                             0x0800081d   Thumb Code    46  dscalb.o(.text)
    scalbn                                   0x0800081d   Thumb Code     0  dscalb.o(.text)
    __aeabi_d2ulz                            0x0800084b   Thumb Code    48  dfixul.o(.text)
    __scatterload                            0x0800087d   Thumb Code    28  init.o(.text)
    __scatterload_rt2                        0x0800087d   Thumb Code     0  init.o(.text)
    __rt_ctype_table                         0x080008a1   Thumb Code     4  ctype_o.o(.text)
    _strtoul                                 0x080008a9   Thumb Code   158  _strtoul.o(.text)
    _dsqrt                                   0x08000947   Thumb Code   162  dsqrt.o(.text)
    _chval                                   0x080009e9   Thumb Code    28  _chval.o(.text)
    __decompress                             0x08000a05   Thumb Code     0  __dclz77c.o(.text)
    __decompress2                            0x08000a05   Thumb Code    94  __dclz77c.o(.text)
    BEEP_Init                                0x08000a65   Thumb Code    50  beep.o(i.BEEP_Init)
    BusFault_Handler                         0x08000a9d   Thumb Code     4  stm32f10x_it.o(i.BusFault_Handler)
    DHT11_Check                              0x08000aa1   Thumb Code    88  dht11.o(i.DHT11_Check)
    DHT11_IO_IN                              0x08000afd   Thumb Code    42  dht11.o(i.DHT11_IO_IN)
    DHT11_IO_OUT                             0x08000b2d   Thumb Code    32  dht11.o(i.DHT11_IO_OUT)
    DHT11_Init                               0x08000b51   Thumb Code    12  dht11.o(i.DHT11_Init)
    DHT11_Read_Bit                           0x08000b5d   Thumb Code    90  dht11.o(i.DHT11_Read_Bit)
    DHT11_Read_Byte                          0x08000bbd   Thumb Code    30  dht11.o(i.DHT11_Read_Byte)
    DHT11_Read_Data                          0x08000bdb   Thumb Code    88  dht11.o(i.DHT11_Read_Data)
    DHT11_Rst                                0x08000c35   Thumb Code    40  dht11.o(i.DHT11_Rst)
    DebugMon_Handler                         0x08000c61   Thumb Code     2  stm32f10x_it.o(i.DebugMon_Handler)
    DelayUs                                  0x08000c65   Thumb Code    60  delay.o(i.DelayUs)
    DelayXms                                 0x08000ca5   Thumb Code    66  delay.o(i.DelayXms)
    Delay_Init                               0x08000ced   Thumb Code    48  delay.o(i.Delay_Init)
    ESP8266_Clear                            0x08000d25   Thumb Code    18  esp8266.o(i.ESP8266_Clear)
    ESP8266_GetIPD                           0x08000d41   Thumb Code    66  esp8266.o(i.ESP8266_GetIPD)
    ESP8266_Init                             0x08000d91   Thumb Code   276  esp8266.o(i.ESP8266_Init)
    ESP8266_SendCmd                          0x08000fb5   Thumb Code    76  esp8266.o(i.ESP8266_SendCmd)
    ESP8266_SendData                         0x08001009   Thumb Code    46  esp8266.o(i.ESP8266_SendData)
    ESP8266_WaitRecive                       0x08001051   Thumb Code    42  esp8266.o(i.ESP8266_WaitRecive)
    EXTI0_IRQHandler                         0x08001085   Thumb Code    42  exti.o(i.EXTI0_IRQHandler)
    EXTI1_IRQHandler                         0x080010b5   Thumb Code    44  exti.o(i.EXTI1_IRQHandler)
    EXTIX_Init                               0x080010ed   Thumb Code   144  exti.o(i.EXTIX_Init)
    EXTI_ClearITPendingBit                   0x0800117d   Thumb Code     6  stm32f10x_exti.o(i.EXTI_ClearITPendingBit)
    EXTI_Init                                0x08001189   Thumb Code   142  stm32f10x_exti.o(i.EXTI_Init)
    GPIO_EXTILineConfig                      0x0800121d   Thumb Code    60  stm32f10x_gpio.o(i.GPIO_EXTILineConfig)
    GPIO_Init                                0x0800125d   Thumb Code   278  stm32f10x_gpio.o(i.GPIO_Init)
    GPIO_ReadInputDataBit                    0x08001373   Thumb Code    18  stm32f10x_gpio.o(i.GPIO_ReadInputDataBit)
    GPIO_ResetBits                           0x08001385   Thumb Code     4  stm32f10x_gpio.o(i.GPIO_ResetBits)
    GPIO_SetBits                             0x08001389   Thumb Code     4  stm32f10x_gpio.o(i.GPIO_SetBits)
    GPIO_WriteBit                            0x0800138d   Thumb Code    10  stm32f10x_gpio.o(i.GPIO_WriteBit)
    HardFault_Handler                        0x08001397   Thumb Code     4  stm32f10x_it.o(i.HardFault_Handler)
    KEY_Init                                 0x0800139d   Thumb Code    52  key.o(i.KEY_Init)
    LED_Init                                 0x080013d5   Thumb Code    76  led.o(i.LED_Init)
    MQTT_DeleteBuffer                        0x08001425   Thumb Code    28  mqttkit.o(i.MQTT_DeleteBuffer)
    MQTT_DumpLength                          0x08001441   Thumb Code    46  mqttkit.o(i.MQTT_DumpLength)
    MQTT_NewBuffer                           0x0800146f   Thumb Code    88  mqttkit.o(i.MQTT_NewBuffer)
    MQTT_PacketConnect                       0x080014c9   Thumb Code   666  mqttkit.o(i.MQTT_PacketConnect)
    MQTT_PacketPublish                       0x08001769   Thumb Code   440  mqttkit.o(i.MQTT_PacketPublish)
    MQTT_PacketPublishComp                   0x08001921   Thumb Code    72  mqttkit.o(i.MQTT_PacketPublishComp)
    MQTT_PacketPublishRel                    0x08001969   Thumb Code    72  mqttkit.o(i.MQTT_PacketPublishRel)
    MQTT_PacketSubscribe                     0x080019b1   Thumb Code   254  mqttkit.o(i.MQTT_PacketSubscribe)
    MQTT_ReadLength                          0x08001aaf   Thumb Code    70  mqttkit.o(i.MQTT_ReadLength)
    MQTT_UnPacketCmd                         0x08001af5   Thumb Code   140  mqttkit.o(i.MQTT_UnPacketCmd)
    MQTT_UnPacketConnectAck                  0x08001b81   Thumb Code    30  mqttkit.o(i.MQTT_UnPacketConnectAck)
    MQTT_UnPacketPublish                     0x08001ba1   Thumb Code   438  mqttkit.o(i.MQTT_UnPacketPublish)
    MQTT_UnPacketPublishAck                  0x08001d61   Thumb Code    30  mqttkit.o(i.MQTT_UnPacketPublishAck)
    MQTT_UnPacketPublishComp                 0x08001d7f   Thumb Code    30  mqttkit.o(i.MQTT_UnPacketPublishComp)
    MQTT_UnPacketPublishRec                  0x08001d9d   Thumb Code    30  mqttkit.o(i.MQTT_UnPacketPublishRec)
    MQTT_UnPacketPublishRel                  0x08001dbb   Thumb Code    36  mqttkit.o(i.MQTT_UnPacketPublishRel)
    MQTT_UnPacketRecv                        0x08001de1   Thumb Code   106  mqttkit.o(i.MQTT_UnPacketRecv)
    MQTT_UnPacketSubscribe                   0x08001e55   Thumb Code    52  mqttkit.o(i.MQTT_UnPacketSubscribe)
    MQTT_UnPacketUnSubscribe                 0x08001e89   Thumb Code    18  mqttkit.o(i.MQTT_UnPacketUnSubscribe)
    MemManage_Handler                        0x08001e9b   Thumb Code     4  stm32f10x_it.o(i.MemManage_Handler)
    NMI_Handler                              0x08001e9f   Thumb Code     2  stm32f10x_it.o(i.NMI_Handler)
    NVIC_Init                                0x08001ea1   Thumb Code   100  misc.o(i.NVIC_Init)
    NVIC_PriorityGroupConfig                 0x08001f11   Thumb Code    10  misc.o(i.NVIC_PriorityGroupConfig)
    OLED_Clear                               0x08001f25   Thumb Code    42  oled.o(i.OLED_Clear)
    OLED_I2C_Init                            0x08001f51   Thumb Code    76  oled.o(i.OLED_I2C_Init)
    OLED_I2C_SendByte                        0x08001fa1   Thumb Code    80  oled.o(i.OLED_I2C_SendByte)
    OLED_I2C_Start                           0x08001ff5   Thumb Code    48  oled.o(i.OLED_I2C_Start)
    OLED_I2C_Stop                            0x08002029   Thumb Code    36  oled.o(i.OLED_I2C_Stop)
    OLED_Init                                0x08002051   Thumb Code   174  oled.o(i.OLED_Init)
    OLED_Pow                                 0x080020ff   Thumb Code    20  oled.o(i.OLED_Pow)
    OLED_SetCursor                           0x08002113   Thumb Code    34  oled.o(i.OLED_SetCursor)
    OLED_ShowChar                            0x08002135   Thumb Code   110  oled.o(i.OLED_ShowChar)
    OLED_ShowSignedNum                       0x080021a9   Thumb Code   102  oled.o(i.OLED_ShowSignedNum)
    OLED_ShowString                          0x0800220f   Thumb Code    40  oled.o(i.OLED_ShowString)
    OLED_WriteCommand                        0x08002237   Thumb Code    32  oled.o(i.OLED_WriteCommand)
    OLED_WriteData                           0x08002257   Thumb Code    32  oled.o(i.OLED_WriteData)
    OneNet_DevLink                           0x08002279   Thumb Code   212  onenet.o(i.OneNet_DevLink)
    OneNet_Publish                           0x080024b9   Thumb Code    86  onenet.o(i.OneNet_Publish)
    OneNet_RevPro                            0x08002535   Thumb Code   610  onenet.o(i.OneNet_RevPro)
    OneNet_Subscribe                         0x08002959   Thumb Code    80  onenet.o(i.OneNet_Subscribe)
    PendSV_Handler                           0x080029c5   Thumb Code     2  stm32f10x_it.o(i.PendSV_Handler)
    RCC_APB1PeriphClockCmd                   0x080029c9   Thumb Code    26  stm32f10x_rcc.o(i.RCC_APB1PeriphClockCmd)
    RCC_APB2PeriphClockCmd                   0x080029e9   Thumb Code    26  stm32f10x_rcc.o(i.RCC_APB2PeriphClockCmd)
    RCC_GetClocksFreq                        0x08002a09   Thumb Code   192  stm32f10x_rcc.o(i.RCC_GetClocksFreq)
    SVC_Handler                              0x08002add   Thumb Code     2  stm32f10x_it.o(i.SVC_Handler)
    SysTick_Handler                          0x08002bc9   Thumb Code     2  stm32f10x_it.o(i.SysTick_Handler)
    SystemInit                               0x08002bcd   Thumb Code    78  system_stm32f10x.o(i.SystemInit)
    TIM2_IRQHandler                          0x08002c2d   Thumb Code    90  timer.o(i.TIM2_IRQHandler)
    TIM2_Int_Init                            0x08002ca9   Thumb Code    92  timer.o(i.TIM2_Int_Init)
    TIM3_IRQHandler                          0x08002d05   Thumb Code    78  timer.o(i.TIM3_IRQHandler)
    TIM3_Int_Init                            0x08002d65   Thumb Code    90  timer.o(i.TIM3_Int_Init)
    TIM_ClearITPendingBit                    0x08002dc5   Thumb Code     6  stm32f10x_tim.o(i.TIM_ClearITPendingBit)
    TIM_Cmd                                  0x08002dcb   Thumb Code    24  stm32f10x_tim.o(i.TIM_Cmd)
    TIM_GetITStatus                          0x08002de3   Thumb Code    34  stm32f10x_tim.o(i.TIM_GetITStatus)
    TIM_ITConfig                             0x08002e05   Thumb Code    18  stm32f10x_tim.o(i.TIM_ITConfig)
    TIM_TimeBaseInit                         0x08002e19   Thumb Code   122  stm32f10x_tim.o(i.TIM_TimeBaseInit)
    USART1_IRQHandler                        0x08002ebd   Thumb Code   122  usart.o(i.USART1_IRQHandler)
    USART2_IRQHandler                        0x08002f45   Thumb Code    62  esp8266.o(i.USART2_IRQHandler)
    USART_ClearFlag                          0x08002f91   Thumb Code    18  stm32f10x_usart.o(i.USART_ClearFlag)
    USART_Cmd                                0x08002fa3   Thumb Code    24  stm32f10x_usart.o(i.USART_Cmd)
    USART_GetFlagStatus                      0x08002fbb   Thumb Code    26  stm32f10x_usart.o(i.USART_GetFlagStatus)
    USART_GetITStatus                        0x08002fd5   Thumb Code    84  stm32f10x_usart.o(i.USART_GetITStatus)
    USART_ITConfig                           0x08003029   Thumb Code    74  stm32f10x_usart.o(i.USART_ITConfig)
    USART_Init                               0x08003075   Thumb Code   210  stm32f10x_usart.o(i.USART_Init)
    USART_ReceiveData                        0x0800314d   Thumb Code    10  stm32f10x_usart.o(i.USART_ReceiveData)
    USART_SendData                           0x08003157   Thumb Code     8  stm32f10x_usart.o(i.USART_SendData)
    UsageFault_Handler                       0x0800315f   Thumb Code     4  stm32f10x_it.o(i.UsageFault_Handler)
    Usart1_Init                              0x08003165   Thumb Code   166  usart.o(i.Usart1_Init)
    Usart2_Init                              0x08003215   Thumb Code   162  usart.o(i.Usart2_Init)
    UsartPrintf                              0x080032c1   Thumb Code    72  usart.o(i.UsartPrintf)
    Usart_SendString                         0x08003309   Thumb Code    50  usart.o(i.Usart_SendString)
    __0sprintf                               0x0800333d   Thumb Code    34  printfa.o(i.__0sprintf)
    __1sprintf                               0x0800333d   Thumb Code     0  printfa.o(i.__0sprintf)
    __2sprintf                               0x0800333d   Thumb Code     0  printfa.o(i.__0sprintf)
    __c89sprintf                             0x0800333d   Thumb Code     0  printfa.o(i.__0sprintf)
    sprintf                                  0x0800333d   Thumb Code     0  printfa.o(i.__0sprintf)
    __0vsnprintf                             0x08003365   Thumb Code    40  printfa.o(i.__0vsnprintf)
    __1vsnprintf                             0x08003365   Thumb Code     0  printfa.o(i.__0vsnprintf)
    __2vsnprintf                             0x08003365   Thumb Code     0  printfa.o(i.__0vsnprintf)
    __c89vsnprintf                           0x08003365   Thumb Code     0  printfa.o(i.__0vsnprintf)
    vsnprintf                                0x08003365   Thumb Code     0  printfa.o(i.__0vsnprintf)
    __ARM_fpclassify                         0x08003391   Thumb Code    40  fpclassify.o(i.__ARM_fpclassify)
    __aeabi_errno_addr                       0x080033b9   Thumb Code     4  errno.o(i.__aeabi_errno_addr)
    __rt_errno_addr                          0x080033b9   Thumb Code     0  errno.o(i.__aeabi_errno_addr)
    __kernel_poly                            0x080033c1   Thumb Code   170  poly.o(i.__kernel_poly)
    __mathlib_dbl_divzero                    0x0800346d   Thumb Code    12  dunder.o(i.__mathlib_dbl_divzero)
    __mathlib_dbl_infnan2                    0x0800347d   Thumb Code     4  dunder.o(i.__mathlib_dbl_infnan2)
    __mathlib_dbl_invalid                    0x08003481   Thumb Code    12  dunder.o(i.__mathlib_dbl_invalid)
    __mathlib_dbl_overflow                   0x0800348d   Thumb Code    14  dunder.o(i.__mathlib_dbl_overflow)
    __mathlib_dbl_underflow                  0x0800349d   Thumb Code    10  dunder.o(i.__mathlib_dbl_underflow)
    __scatterload_copy                       0x080034ad   Thumb Code    14  handlers.o(i.__scatterload_copy)
    __scatterload_null                       0x080034bb   Thumb Code     2  handlers.o(i.__scatterload_null)
    __scatterload_zeroinit                   0x080034bd   Thumb Code    14  handlers.o(i.__scatterload_zeroinit)
    __set_errno                              0x080034cd   Thumb Code     6  errno.o(i.__set_errno)
    cJSON_Delete                             0x08003dad   Thumb Code    82  cjson.o(i.cJSON_Delete)
    cJSON_GetErrorPtr                        0x08003e05   Thumb Code     6  cjson.o(i.cJSON_GetErrorPtr)
    cJSON_GetObjectItem                      0x08003e11   Thumb Code    30  cjson.o(i.cJSON_GetObjectItem)
    cJSON_Parse                              0x08003e51   Thumb Code    16  cjson.o(i.cJSON_Parse)
    cJSON_ParseWithOpts                      0x08003e61   Thumb Code    96  cjson.o(i.cJSON_ParseWithOpts)
    delay_ms                                 0x08003f11   Thumb Code    60  delay.o(i.delay_ms)
    free                                     0x08003f4d   Thumb Code    76  malloc.o(i.free)
    main                                     0x08003f9d   Thumb Code   338  main.o(i.main)
    malloc                                   0x08004189   Thumb Code    92  malloc.o(i.malloc)
    pow                                      0x0800490d   Thumb Code  2512  pow.o(i.pow)
    sqrt                                     0x080052f7   Thumb Code    76  sqrt.o(i.sqrt)
    devPubTopic                              0x08005342   Data          17  main.o(.constdata)
    OLED_F8x16                               0x08005353   Data        1520  oled.o(.constdata)
    __mathlib_zero                           0x080059d8   Data           8  qnan.o(.constdata)
    __ctype_table                            0x080059e0   Data         129  ctype_o.o(.constdata)
    Region$$Table$$Base                      0x08005a7c   Number         0  anon$$obj.o(Region$$Table)
    Region$$Table$$Limit                     0x08005a9c   Number         0  anon$$obj.o(Region$$Table)
    BMP1                                     0x20000000   Data        1024  main.o(.data)
    BMP2                                     0x20000400   Data        1024  main.o(.data)
    alarmFlag                                0x20000800   Data           1  main.o(.data)
    alarm_is_free                            0x20000801   Data           1  main.o(.data)
    temp                                     0x20000802   Data           1  main.o(.data)
    humi                                     0x20000803   Data           1  main.o(.data)
    Led_Status                               0x20000804   Data           1  main.o(.data)
    devSubTopic                              0x20000808   Data           4  main.o(.data)
    UsCount                                  0x20000820   Data           1  delay.o(.data)
    MsCount                                  0x20000822   Data           2  delay.o(.data)
    __stdout                                 0x20000824   Data           4  usart.o(.data)
    USART_RX_STA                             0x20000828   Data           2  usart.o(.data)
    esp8266_cnt                              0x2000082a   Data           2  esp8266.o(.data)
    esp8266_cntPre                           0x2000082c   Data           2  esp8266.o(.data)
    __microlib_freelist                      0x2000083c   Data           4  mvars.o(.data)
    __microlib_freelist_initialised          0x20000840   Data           4  mvars.o(.data)
    PUB_BUF                                  0x20000848   Data         256  main.o(.bss)
    USART_RX_BUF                             0x20000948   Data         200  usart.o(.bss)
    esp8266_buf                              0x20000a10   Data         128  esp8266.o(.bss)
    __heap_base                              0x20000a90   Data           0  startup_stm32f10x_hd.o(HEAP)
    __heap_limit                             0x20000c90   Data           0  startup_stm32f10x_hd.o(HEAP)
    __initial_sp                             0x20001090   Data           0  startup_stm32f10x_hd.o(STACK)



==============================================================================

Memory Map of the image

  Image Entry point : 0x08000131

  Load Region LR_IROM1 (Base: 0x08000000, Size: 0x000062e4, Max: 0x00010000, ABSOLUTE, COMPRESSED[0x00005ca8])

    Execution Region ER_IROM1 (Exec base: 0x08000000, Load base: 0x08000000, Size: 0x00005a9c, Max: 0x00010000, ABSOLUTE)

    Exec Addr    Load Addr    Size         Type   Attr      Idx    E Section Name        Object

    0x08000000   0x08000000   0x00000130   Data   RO         3638    RESET               startup_stm32f10x_hd.o
    0x08000130   0x08000130   0x00000000   Code   RO         4389  * .ARM.Collect$$$$00000000  mc_w.l(entry.o)
    0x08000130   0x08000130   0x00000004   Code   RO         4744    .ARM.Collect$$$$00000001  mc_w.l(entry2.o)
    0x08000134   0x08000134   0x00000004   Code   RO         4747    .ARM.Collect$$$$00000004  mc_w.l(entry5.o)
    0x08000138   0x08000138   0x00000000   Code   RO         4749    .ARM.Collect$$$$00000008  mc_w.l(entry7b.o)
    0x08000138   0x08000138   0x00000000   Code   RO         4751    .ARM.Collect$$$$0000000A  mc_w.l(entry8b.o)
    0x08000138   0x08000138   0x00000008   Code   RO         4752    .ARM.Collect$$$$0000000B  mc_w.l(entry9a.o)
    0x08000140   0x08000140   0x00000000   Code   RO         4754    .ARM.Collect$$$$0000000D  mc_w.l(entry10a.o)
    0x08000140   0x08000140   0x00000000   Code   RO         4756    .ARM.Collect$$$$0000000F  mc_w.l(entry11a.o)
    0x08000140   0x08000140   0x00000004   Code   RO         4745    .ARM.Collect$$$$00002712  mc_w.l(entry2.o)
    0x08000144   0x08000144   0x00000024   Code   RO         3639    .text               startup_stm32f10x_hd.o
    0x08000168   0x08000168   0x0000000c   Code   RO         4392    .text               mc_w.l(tolower.o)
    0x08000174   0x08000174   0x00000024   Code   RO         4394    .text               mc_w.l(memcpya.o)
    0x08000198   0x08000198   0x00000024   Code   RO         4396    .text               mc_w.l(memseta.o)
    0x080001bc   0x080001bc   0x00000024   Code   RO         4398    .text               mc_w.l(strstr.o)
    0x080001e0   0x080001e0   0x00000014   Code   RO         4400    .text               mc_w.l(strchr.o)
    0x080001f4   0x080001f4   0x0000000e   Code   RO         4402    .text               mc_w.l(strlen.o)
    0x08000202   0x08000202   0x00000028   Code   RO         4404    .text               mc_w.l(strncat.o)
    0x0800022a   0x0800022a   0x0000001e   Code   RO         4408    .text               mc_w.l(strncmp.o)
    0x08000248   0x08000248   0x0000001a   Code   RO         4701    .text               mc_w.l(atoi.o)
    0x08000262   0x08000262   0x0000014e   Code   RO         4703    .text               mf_w.l(dadd.o)
    0x080003b0   0x080003b0   0x000000e4   Code   RO         4705    .text               mf_w.l(dmul.o)
    0x08000494   0x08000494   0x00000022   Code   RO         4707    .text               mf_w.l(dflti.o)
    0x080004b6   0x080004b6   0x0000003e   Code   RO         4709    .text               mf_w.l(dfixi.o)
    0x080004f4   0x080004f4   0x00000030   Code   RO         4715    .text               mf_w.l(cdrcmple.o)
    0x08000524   0x08000524   0x0000002c   Code   RO         4758    .text               mc_w.l(uidiv.o)
    0x08000550   0x08000550   0x00000062   Code   RO         4760    .text               mc_w.l(uldiv.o)
    0x080005b2   0x080005b2   0x0000001e   Code   RO         4762    .text               mc_w.l(llshl.o)
    0x080005d0   0x080005d0   0x00000020   Code   RO         4764    .text               mc_w.l(llushr.o)
    0x080005f0   0x080005f0   0x00000024   Code   RO         4766    .text               mc_w.l(llsshr.o)
    0x08000614   0x08000614   0x00000070   Code   RO         4777    .text               mc_w.l(strtol.o)
    0x08000684   0x08000684   0x00000000   Code   RO         4779    .text               mc_w.l(iusefp.o)
    0x08000684   0x08000684   0x000000ba   Code   RO         4780    .text               mf_w.l(depilogue.o)
    0x0800073e   0x0800073e   0x000000de   Code   RO         4782    .text               mf_w.l(ddiv.o)
    0x0800081c   0x0800081c   0x0000002e   Code   RO         4784    .text               mf_w.l(dscalb.o)
    0x0800084a   0x0800084a   0x00000030   Code   RO         4786    .text               mf_w.l(dfixul.o)
    0x0800087a   0x0800087a   0x00000002   PAD
    0x0800087c   0x0800087c   0x00000024   Code   RO         4788    .text               mc_w.l(init.o)
    0x080008a0   0x080008a0   0x00000008   Code   RO         4790    .text               mc_w.l(ctype_o.o)
    0x080008a8   0x080008a8   0x0000009e   Code   RO         4818    .text               mc_w.l(_strtoul.o)
    0x08000946   0x08000946   0x000000a2   Code   RO         4820    .text               mf_w.l(dsqrt.o)
    0x080009e8   0x080009e8   0x0000001c   Code   RO         4822    .text               mc_w.l(_chval.o)
    0x08000a04   0x08000a04   0x0000005e   Code   RO         4832    .text               mc_w.l(__dclz77c.o)
    0x08000a62   0x08000a62   0x00000002   PAD
    0x08000a64   0x08000a64   0x00000038   Code   RO          442    i.BEEP_Init         beep.o
    0x08000a9c   0x08000a9c   0x00000004   Code   RO            1    i.BusFault_Handler  stm32f10x_it.o
    0x08000aa0   0x08000aa0   0x0000005c   Code   RO          385    i.DHT11_Check       dht11.o
    0x08000afc   0x08000afc   0x00000030   Code   RO          386    i.DHT11_IO_IN       dht11.o
    0x08000b2c   0x08000b2c   0x00000024   Code   RO          387    i.DHT11_IO_OUT      dht11.o
    0x08000b50   0x08000b50   0x0000000c   Code   RO          388    i.DHT11_Init        dht11.o
    0x08000b5c   0x08000b5c   0x00000060   Code   RO          389    i.DHT11_Read_Bit    dht11.o
    0x08000bbc   0x08000bbc   0x0000001e   Code   RO          390    i.DHT11_Read_Byte   dht11.o
    0x08000bda   0x08000bda   0x00000058   Code   RO          391    i.DHT11_Read_Data   dht11.o
    0x08000c32   0x08000c32   0x00000002   PAD
    0x08000c34   0x08000c34   0x0000002c   Code   RO          392    i.DHT11_Rst         dht11.o
    0x08000c60   0x08000c60   0x00000002   Code   RO            2    i.DebugMon_Handler  stm32f10x_it.o
    0x08000c62   0x08000c62   0x00000002   PAD
    0x08000c64   0x08000c64   0x00000040   Code   RO         3453    i.DelayUs           delay.o
    0x08000ca4   0x08000ca4   0x00000048   Code   RO         3454    i.DelayXms          delay.o
    0x08000cec   0x08000cec   0x00000038   Code   RO         3455    i.Delay_Init        delay.o
    0x08000d24   0x08000d24   0x0000001c   Code   RO         3643    i.ESP8266_Clear     esp8266.o
    0x08000d40   0x08000d40   0x00000050   Code   RO         3644    i.ESP8266_GetIPD    esp8266.o
    0x08000d90   0x08000d90   0x00000224   Code   RO         3645    i.ESP8266_Init      esp8266.o
    0x08000fb4   0x08000fb4   0x00000054   Code   RO         3646    i.ESP8266_SendCmd   esp8266.o
    0x08001008   0x08001008   0x00000048   Code   RO         3647    i.ESP8266_SendData  esp8266.o
    0x08001050   0x08001050   0x00000034   Code   RO         3648    i.ESP8266_WaitRecive  esp8266.o
    0x08001084   0x08001084   0x00000030   Code   RO         3596    i.EXTI0_IRQHandler  exti.o
    0x080010b4   0x080010b4   0x00000038   Code   RO         3597    i.EXTI1_IRQHandler  exti.o
    0x080010ec   0x080010ec   0x00000090   Code   RO         3598    i.EXTIX_Init        exti.o
    0x0800117c   0x0800117c   0x0000000c   Code   RO         1283    i.EXTI_ClearITPendingBit  stm32f10x_exti.o
    0x08001188   0x08001188   0x00000094   Code   RO         1288    i.EXTI_Init         stm32f10x_exti.o
    0x0800121c   0x0800121c   0x00000040   Code   RO         1633    i.GPIO_EXTILineConfig  stm32f10x_gpio.o
    0x0800125c   0x0800125c   0x00000116   Code   RO         1636    i.GPIO_Init         stm32f10x_gpio.o
    0x08001372   0x08001372   0x00000012   Code   RO         1640    i.GPIO_ReadInputDataBit  stm32f10x_gpio.o
    0x08001384   0x08001384   0x00000004   Code   RO         1643    i.GPIO_ResetBits    stm32f10x_gpio.o
    0x08001388   0x08001388   0x00000004   Code   RO         1644    i.GPIO_SetBits      stm32f10x_gpio.o
    0x0800138c   0x0800138c   0x0000000a   Code   RO         1647    i.GPIO_WriteBit     stm32f10x_gpio.o
    0x08001396   0x08001396   0x00000004   Code   RO            3    i.HardFault_Handler  stm32f10x_it.o
    0x0800139a   0x0800139a   0x00000002   PAD
    0x0800139c   0x0800139c   0x00000038   Code   RO          466    i.KEY_Init          key.o
    0x080013d4   0x080013d4   0x00000050   Code   RO          454    i.LED_Init          led.o
    0x08001424   0x08001424   0x0000001c   Code   RO         3791    i.MQTT_DeleteBuffer  mqttkit.o
    0x08001440   0x08001440   0x0000002e   Code   RO         3792    i.MQTT_DumpLength   mqttkit.o
    0x0800146e   0x0800146e   0x00000058   Code   RO         3793    i.MQTT_NewBuffer    mqttkit.o
    0x080014c6   0x080014c6   0x00000002   PAD
    0x080014c8   0x080014c8   0x000002a0   Code   RO         3795    i.MQTT_PacketConnect  mqttkit.o
    0x08001768   0x08001768   0x000001b8   Code   RO         3798    i.MQTT_PacketPublish  mqttkit.o
    0x08001920   0x08001920   0x00000048   Code   RO         3800    i.MQTT_PacketPublishComp  mqttkit.o
    0x08001968   0x08001968   0x00000048   Code   RO         3802    i.MQTT_PacketPublishRel  mqttkit.o
    0x080019b0   0x080019b0   0x000000fe   Code   RO         3805    i.MQTT_PacketSubscribe  mqttkit.o
    0x08001aae   0x08001aae   0x00000046   Code   RO         3807    i.MQTT_ReadLength   mqttkit.o
    0x08001af4   0x08001af4   0x0000008c   Code   RO         3808    i.MQTT_UnPacketCmd  mqttkit.o
    0x08001b80   0x08001b80   0x0000001e   Code   RO         3809    i.MQTT_UnPacketConnectAck  mqttkit.o
    0x08001b9e   0x08001b9e   0x00000002   PAD
    0x08001ba0   0x08001ba0   0x000001c0   Code   RO         3810    i.MQTT_UnPacketPublish  mqttkit.o
    0x08001d60   0x08001d60   0x0000001e   Code   RO         3811    i.MQTT_UnPacketPublishAck  mqttkit.o
    0x08001d7e   0x08001d7e   0x0000001e   Code   RO         3812    i.MQTT_UnPacketPublishComp  mqttkit.o
    0x08001d9c   0x08001d9c   0x0000001e   Code   RO         3813    i.MQTT_UnPacketPublishRec  mqttkit.o
    0x08001dba   0x08001dba   0x00000024   Code   RO         3814    i.MQTT_UnPacketPublishRel  mqttkit.o
    0x08001dde   0x08001dde   0x00000002   PAD
    0x08001de0   0x08001de0   0x00000074   Code   RO         3815    i.MQTT_UnPacketRecv  mqttkit.o
    0x08001e54   0x08001e54   0x00000034   Code   RO         3816    i.MQTT_UnPacketSubscribe  mqttkit.o
    0x08001e88   0x08001e88   0x00000012   Code   RO         3817    i.MQTT_UnPacketUnSubscribe  mqttkit.o
    0x08001e9a   0x08001e9a   0x00000004   Code   RO            4    i.MemManage_Handler  stm32f10x_it.o
    0x08001e9e   0x08001e9e   0x00000002   Code   RO            5    i.NMI_Handler       stm32f10x_it.o
    0x08001ea0   0x08001ea0   0x00000070   Code   RO          485    i.NVIC_Init         misc.o
    0x08001f10   0x08001f10   0x00000014   Code   RO          486    i.NVIC_PriorityGroupConfig  misc.o
    0x08001f24   0x08001f24   0x0000002a   Code   RO          251    i.OLED_Clear        oled.o
    0x08001f4e   0x08001f4e   0x00000002   PAD
    0x08001f50   0x08001f50   0x00000050   Code   RO          252    i.OLED_I2C_Init     oled.o
    0x08001fa0   0x08001fa0   0x00000054   Code   RO          253    i.OLED_I2C_SendByte  oled.o
    0x08001ff4   0x08001ff4   0x00000034   Code   RO          254    i.OLED_I2C_Start    oled.o
    0x08002028   0x08002028   0x00000028   Code   RO          255    i.OLED_I2C_Stop     oled.o
    0x08002050   0x08002050   0x000000ae   Code   RO          256    i.OLED_Init         oled.o
    0x080020fe   0x080020fe   0x00000014   Code   RO          257    i.OLED_Pow          oled.o
    0x08002112   0x08002112   0x00000022   Code   RO          258    i.OLED_SetCursor    oled.o
    0x08002134   0x08002134   0x00000074   Code   RO          260    i.OLED_ShowChar     oled.o
    0x080021a8   0x080021a8   0x00000066   Code   RO          263    i.OLED_ShowSignedNum  oled.o
    0x0800220e   0x0800220e   0x00000028   Code   RO          264    i.OLED_ShowString   oled.o
    0x08002236   0x08002236   0x00000020   Code   RO          265    i.OLED_WriteCommand  oled.o
    0x08002256   0x08002256   0x00000020   Code   RO          266    i.OLED_WriteData    oled.o
    0x08002276   0x08002276   0x00000002   PAD
    0x08002278   0x08002278   0x00000240   Code   RO         3975    i.OneNet_DevLink    onenet.o
    0x080024b8   0x080024b8   0x0000007c   Code   RO         3976    i.OneNet_Publish    onenet.o
    0x08002534   0x08002534   0x00000424   Code   RO         3977    i.OneNet_RevPro     onenet.o
    0x08002958   0x08002958   0x0000006c   Code   RO         3978    i.OneNet_Subscribe  onenet.o
    0x080029c4   0x080029c4   0x00000002   Code   RO            6    i.PendSV_Handler    stm32f10x_it.o
    0x080029c6   0x080029c6   0x00000002   PAD
    0x080029c8   0x080029c8   0x00000020   Code   RO         2052    i.RCC_APB1PeriphClockCmd  stm32f10x_rcc.o
    0x080029e8   0x080029e8   0x00000020   Code   RO         2054    i.RCC_APB2PeriphClockCmd  stm32f10x_rcc.o
    0x08002a08   0x08002a08   0x000000d4   Code   RO         2062    i.RCC_GetClocksFreq  stm32f10x_rcc.o
    0x08002adc   0x08002adc   0x00000002   Code   RO            7    i.SVC_Handler       stm32f10x_it.o
    0x08002ade   0x08002ade   0x00000008   Code   RO          152    i.SetSysClock       system_stm32f10x.o
    0x08002ae6   0x08002ae6   0x00000002   PAD
    0x08002ae8   0x08002ae8   0x000000e0   Code   RO          153    i.SetSysClockTo72   system_stm32f10x.o
    0x08002bc8   0x08002bc8   0x00000002   Code   RO            8    i.SysTick_Handler   stm32f10x_it.o
    0x08002bca   0x08002bca   0x00000002   PAD
    0x08002bcc   0x08002bcc   0x00000060   Code   RO          155    i.SystemInit        system_stm32f10x.o
    0x08002c2c   0x08002c2c   0x0000007c   Code   RO         3565    i.TIM2_IRQHandler   timer.o
    0x08002ca8   0x08002ca8   0x0000005c   Code   RO         3566    i.TIM2_Int_Init     timer.o
    0x08002d04   0x08002d04   0x00000060   Code   RO         3567    i.TIM3_IRQHandler   timer.o
    0x08002d64   0x08002d64   0x00000060   Code   RO         3568    i.TIM3_Int_Init     timer.o
    0x08002dc4   0x08002dc4   0x00000006   Code   RO         2681    i.TIM_ClearITPendingBit  stm32f10x_tim.o
    0x08002dca   0x08002dca   0x00000018   Code   RO         2686    i.TIM_Cmd           stm32f10x_tim.o
    0x08002de2   0x08002de2   0x00000022   Code   RO         2707    i.TIM_GetITStatus   stm32f10x_tim.o
    0x08002e04   0x08002e04   0x00000012   Code   RO         2711    i.TIM_ITConfig      stm32f10x_tim.o
    0x08002e16   0x08002e16   0x00000002   PAD
    0x08002e18   0x08002e18   0x000000a4   Code   RO         2757    i.TIM_TimeBaseInit  stm32f10x_tim.o
    0x08002ebc   0x08002ebc   0x00000088   Code   RO         3503    i.USART1_IRQHandler  usart.o
    0x08002f44   0x08002f44   0x0000004c   Code   RO         3649    i.USART2_IRQHandler  esp8266.o
    0x08002f90   0x08002f90   0x00000012   Code   RO         3218    i.USART_ClearFlag   stm32f10x_usart.o
    0x08002fa2   0x08002fa2   0x00000018   Code   RO         3222    i.USART_Cmd         stm32f10x_usart.o
    0x08002fba   0x08002fba   0x0000001a   Code   RO         3225    i.USART_GetFlagStatus  stm32f10x_usart.o
    0x08002fd4   0x08002fd4   0x00000054   Code   RO         3226    i.USART_GetITStatus  stm32f10x_usart.o
    0x08003028   0x08003028   0x0000004a   Code   RO         3228    i.USART_ITConfig    stm32f10x_usart.o
    0x08003072   0x08003072   0x00000002   PAD
    0x08003074   0x08003074   0x000000d8   Code   RO         3229    i.USART_Init        stm32f10x_usart.o
    0x0800314c   0x0800314c   0x0000000a   Code   RO         3236    i.USART_ReceiveData  stm32f10x_usart.o
    0x08003156   0x08003156   0x00000008   Code   RO         3239    i.USART_SendData    stm32f10x_usart.o
    0x0800315e   0x0800315e   0x00000004   Code   RO            9    i.UsageFault_Handler  stm32f10x_it.o
    0x08003162   0x08003162   0x00000002   PAD
    0x08003164   0x08003164   0x000000b0   Code   RO         3504    i.Usart1_Init       usart.o
    0x08003214   0x08003214   0x000000ac   Code   RO         3505    i.Usart2_Init       usart.o
    0x080032c0   0x080032c0   0x00000048   Code   RO         3506    i.UsartPrintf       usart.o
    0x08003308   0x08003308   0x00000032   Code   RO         3507    i.Usart_SendString  usart.o
    0x0800333a   0x0800333a   0x00000002   PAD
    0x0800333c   0x0800333c   0x00000028   Code   RO         4647    i.__0sprintf        mc_w.l(printfa.o)
    0x08003364   0x08003364   0x0000002c   Code   RO         4650    i.__0vsnprintf      mc_w.l(printfa.o)
    0x08003390   0x08003390   0x00000028   Code   RO         4731    i.__ARM_fpclassify  m_ws.l(fpclassify.o)
    0x080033b8   0x080033b8   0x00000008   Code   RO         4770    i.__aeabi_errno_addr  mc_w.l(errno.o)
    0x080033c0   0x080033c0   0x000000aa   Code   RO         4733    i.__kernel_poly     m_ws.l(poly.o)
    0x0800346a   0x0800346a   0x00000002   PAD
    0x0800346c   0x0800346c   0x00000010   Code   RO         4717    i.__mathlib_dbl_divzero  m_ws.l(dunder.o)
    0x0800347c   0x0800347c   0x00000004   Code   RO         4719    i.__mathlib_dbl_infnan2  m_ws.l(dunder.o)
    0x08003480   0x08003480   0x0000000c   Code   RO         4720    i.__mathlib_dbl_invalid  m_ws.l(dunder.o)
    0x0800348c   0x0800348c   0x0000000e   Code   RO         4721    i.__mathlib_dbl_overflow  m_ws.l(dunder.o)
    0x0800349a   0x0800349a   0x00000002   PAD
    0x0800349c   0x0800349c   0x00000010   Code   RO         4723    i.__mathlib_dbl_underflow  m_ws.l(dunder.o)
    0x080034ac   0x080034ac   0x0000000e   Code   RO         4826    i.__scatterload_copy  mc_w.l(handlers.o)
    0x080034ba   0x080034ba   0x00000002   Code   RO         4827    i.__scatterload_null  mc_w.l(handlers.o)
    0x080034bc   0x080034bc   0x0000000e   Code   RO         4828    i.__scatterload_zeroinit  mc_w.l(handlers.o)
    0x080034ca   0x080034ca   0x00000002   PAD
    0x080034cc   0x080034cc   0x0000000c   Code   RO         4772    i.__set_errno       mc_w.l(errno.o)
    0x080034d8   0x080034d8   0x00000184   Code   RO         4652    i._fp_digits        mc_w.l(printfa.o)
    0x0800365c   0x0800365c   0x000006dc   Code   RO         4653    i._printf_core      mc_w.l(printfa.o)
    0x08003d38   0x08003d38   0x00000024   Code   RO         4654    i._printf_post_padding  mc_w.l(printfa.o)
    0x08003d5c   0x08003d5c   0x0000002e   Code   RO         4655    i._printf_pre_padding  mc_w.l(printfa.o)
    0x08003d8a   0x08003d8a   0x00000016   Code   RO         4656    i._snputc           mc_w.l(printfa.o)
    0x08003da0   0x08003da0   0x0000000a   Code   RO         4657    i._sputc            mc_w.l(printfa.o)
    0x08003daa   0x08003daa   0x00000002   PAD
    0x08003dac   0x08003dac   0x00000058   Code   RO         4030    i.cJSON_Delete      cjson.o
    0x08003e04   0x08003e04   0x0000000c   Code   RO         4038    i.cJSON_GetErrorPtr  cjson.o
    0x08003e10   0x08003e10   0x0000001e   Code   RO         4039    i.cJSON_GetObjectItem  cjson.o
    0x08003e2e   0x08003e2e   0x00000002   PAD
    0x08003e30   0x08003e30   0x00000020   Code   RO         4043    i.cJSON_New_Item    cjson.o
    0x08003e50   0x08003e50   0x00000010   Code   RO         4044    i.cJSON_Parse       cjson.o
    0x08003e60   0x08003e60   0x00000064   Code   RO         4045    i.cJSON_ParseWithOpts  cjson.o
    0x08003ec4   0x08003ec4   0x0000004c   Code   RO         4051    i.cJSON_strcasecmp  cjson.o
    0x08003f10   0x08003f10   0x0000003c   Code   RO         3456    i.delay_ms          delay.o
    0x08003f4c   0x08003f4c   0x00000050   Code   RO         4673    i.free              mc_w.l(malloc.o)
    0x08003f9c   0x08003f9c   0x000001ec   Code   RO          186    i.main              main.o
    0x08004188   0x08004188   0x0000006c   Code   RO         4674    i.malloc            mc_w.l(malloc.o)
    0x080041f4   0x080041f4   0x000000ac   Code   RO         4055    i.parse_array       cjson.o
    0x080042a0   0x080042a0   0x00000114   Code   RO         4056    i.parse_hex4        cjson.o
    0x080043b4   0x080043b4   0x000001bc   Code   RO         4057    i.parse_number      cjson.o
    0x08004570   0x08004570   0x00000114   Code   RO         4058    i.parse_object      cjson.o
    0x08004684   0x08004684   0x000001cc   Code   RO         4059    i.parse_string      cjson.o
    0x08004850   0x08004850   0x000000bc   Code   RO         4060    i.parse_value       cjson.o
    0x0800490c   0x0800490c   0x000009d8   Code   RO         4380    i.pow               m_ws.l(pow.o)
    0x080052e4   0x080052e4   0x00000012   Code   RO         4068    i.skip              cjson.o
    0x080052f6   0x080052f6   0x0000004c   Code   RO         4737    i.sqrt              m_ws.l(sqrt.o)
    0x08005342   0x08005342   0x00000011   Data   RO          188    .constdata          main.o
    0x08005353   0x08005353   0x000005f0   Data   RO          267    .constdata          oled.o
    0x08005943   0x08005943   0x00000007   Data   RO         4071    .constdata          cjson.o
    0x0800594a   0x0800594a   0x00000006   PAD
    0x08005950   0x08005950   0x00000088   Data   RO         4381    .constdata          m_ws.l(pow.o)
    0x080059d8   0x080059d8   0x00000008   Data   RO         4735    .constdata          m_ws.l(qnan.o)
    0x080059e0   0x080059e0   0x00000081   Data   RO         4791    .constdata          mc_w.l(ctype_o.o)
    0x08005a61   0x08005a61   0x00000003   PAD
    0x08005a64   0x08005a64   0x00000004   Data   RO         4792    .constdata          mc_w.l(ctype_o.o)
    0x08005a68   0x08005a68   0x00000011   Data   RO          189    .conststring        main.o
    0x08005a79   0x08005a79   0x00000003   PAD
    0x08005a7c   0x08005a7c   0x00000020   Data   RO         4824    Region$$Table       anon$$obj.o


    Execution Region RW_IRAM1 (Exec base: 0x20000000, Load base: 0x08005a9c, Size: 0x00001090, Max: 0x00005000, ABSOLUTE, COMPRESSED[0x0000020c])

    Exec Addr    Load Addr    Size         Type   Attr      Idx    E Section Name        Object

    0x20000000   COMPRESSED   0x0000080c   Data   RW          190    .data               main.o
    0x2000080c   COMPRESSED   0x00000014   Data   RW         2082    .data               stm32f10x_rcc.o
    0x20000820   COMPRESSED   0x00000004   Data   RW         3457    .data               delay.o
    0x20000824   COMPRESSED   0x00000006   Data   RW         3511    .data               usart.o
    0x2000082a   COMPRESSED   0x00000004   Data   RW         3651    .data               esp8266.o
    0x2000082e   COMPRESSED   0x00000002   Data   RW         3979    .data               onenet.o
    0x20000830   COMPRESSED   0x0000000c   Data   RW         4072    .data               cjson.o
    0x2000083c   COMPRESSED   0x00000004   Data   RW         4768    .data               mc_w.l(mvars.o)
    0x20000840   COMPRESSED   0x00000004   Data   RW         4769    .data               mc_w.l(mvars.o)
    0x20000844   COMPRESSED   0x00000004   Data   RW         4773    .data               mc_w.l(errno.o)
    0x20000848        -       0x00000100   Zero   RW          187    .bss                main.o
    0x20000948        -       0x000000c8   Zero   RW         3510    .bss                usart.o
    0x20000a10        -       0x00000080   Zero   RW         3650    .bss                esp8266.o
    0x20000a90        -       0x00000200   Zero   RW         3637    HEAP                startup_stm32f10x_hd.o
    0x20000c90        -       0x00000400   Zero   RW         3636    STACK               startup_stm32f10x_hd.o


==============================================================================

Image component sizes


      Code (inc. data)   RO Data    RW Data    ZI Data      Debug   Object Name

        56          6          0          0          0        488   beep.o
      2188         88          7         12          0      12601   cjson.o
         0          0          0          0          0         32   core_cm3.o
       252         18          0          4          0       2463   delay.o
       446         24          0          0          0       4689   dht11.o
       940        354          0          4        128      13875   esp8266.o
       248         18          0          0          0       1539   exti.o
        56          4          0          0          0        495   key.o
        80          4          0          0          0        495   led.o
       492        154         34       2060        256       2320   main.o
       132         22          0          0          0       1515   misc.o
      2672         26          0          0          0      17292   mqttkit.o
       848         22       1520          0          0     213411   oled.o
      1868        900          0          2          0       7131   onenet.o
        36          8        304          0       1536        788   startup_stm32f10x_hd.o
       160         12          0          0          0       1485   stm32f10x_exti.o
       378          4          0          0          0       4826   stm32f10x_gpio.o
        26          0          0          0          0     253338   stm32f10x_it.o
       276         32          0         20          0       4410   stm32f10x_rcc.o
       246         42          0          0          0       3522   stm32f10x_tim.o
       460          6          0          0          0       6687   stm32f10x_usart.o
       328         28          0          0          0       1777   system_stm32f10x.o
       408         58          0          0          0       2272   timer.o
       606         34          0          6        200       5965   usart.o

    ----------------------------------------------------------------------
     13234       1864       1906       2108       2120     563416   Object Totals
         0          0         32          0          0          0   (incl. Generated)
        32          0          9          0          0          0   (incl. Padding)

    ----------------------------------------------------------------------

      Code (inc. data)   RO Data    RW Data    ZI Data      Debug   Library Member Name

        62         10          0          0          0        340   dunder.o
        40          0          0          0          0         68   fpclassify.o
       170          0          0          0          0         96   poly.o
      2520        190        136          0          0        324   pow.o
         0          0          8          0          0          0   qnan.o
        76          0          0          0          0         84   sqrt.o
        94          0          0          0          0          0   __dclz77c.o
        28          0          0          0          0         68   _chval.o
       158          0          0          0          0         92   _strtoul.o
        26          0          0          0          0         80   atoi.o
         8          4        133          0          0         68   ctype_o.o
         0          0          0          0          0          0   entry.o
         0          0          0          0          0          0   entry10a.o
         0          0          0          0          0          0   entry11a.o
         8          4          0          0          0          0   entry2.o
         4          0          0          0          0          0   entry5.o
         0          0          0          0          0          0   entry7b.o
         0          0          0          0          0          0   entry8b.o
         8          4          0          0          0          0   entry9a.o
        20         10          0          4          0        136   errno.o
        30          0          0          0          0          0   handlers.o
        36          8          0          0          0         68   init.o
         0          0          0          0          0          0   iusefp.o
        30          0          0          0          0         68   llshl.o
        36          0          0          0          0         68   llsshr.o
        32          0          0          0          0         68   llushr.o
       188         20          0          0          0        160   malloc.o
        36          0          0          0          0         68   memcpya.o
        36          0          0          0          0        108   memseta.o
         0          0          0          8          0          0   mvars.o
      2342         90          0          0          0        668   printfa.o
        20          0          0          0          0         68   strchr.o
        14          0          0          0          0         68   strlen.o
        40          0          0          0          0         76   strncat.o
        30          0          0          0          0         80   strncmp.o
        36          0          0          0          0         80   strstr.o
       112          0          0          0          0         88   strtol.o
        12          0          0          0          0         68   tolower.o
        44          0          0          0          0         80   uidiv.o
        98          0          0          0          0         92   uldiv.o
        48          0          0          0          0         68   cdrcmple.o
       334          0          0          0          0        148   dadd.o
       222          0          0          0          0        100   ddiv.o
       186          0          0          0          0        176   depilogue.o
        62          0          0          0          0         80   dfixi.o
        48          0          0          0          0         68   dfixul.o
        34          0          0          0          0         76   dflti.o
       228          0          0          0          0         96   dmul.o
        46          0          0          0          0         80   dscalb.o
       162          0          0          0          0        100   dsqrt.o

    ----------------------------------------------------------------------
      7776        340        280         12          0       4324   Library Totals
        12          0          3          0          0          0   (incl. Padding)

    ----------------------------------------------------------------------

      Code (inc. data)   RO Data    RW Data    ZI Data      Debug   Library Name

      2868        200        144          0          0        912   m_ws.l
      3526        140        133         12          0       2420   mc_w.l
      1370          0          0          0          0        992   mf_w.l

    ----------------------------------------------------------------------
      7776        340        280         12          0       4324   Library Totals

    ----------------------------------------------------------------------

==============================================================================


      Code (inc. data)   RO Data    RW Data    ZI Data      Debug   

     21010       2204       2186       2120       2120     559444   Grand Totals
     21010       2204       2186        524       2120     559444   ELF Image Totals (compressed)
     21010       2204       2186        524          0          0   ROM Totals

==============================================================================

    Total RO  Size (Code + RO Data)                23196 (  22.65kB)
    Total RW  Size (RW Data + ZI Data)              4240 (   4.14kB)
    Total ROM Size (Code + RO Data + RW Data)      23720 (  23.16kB)

==============================================================================

